Archive member included to satisfy reference by file (symbol)

c:/mgc/embedded/codebench/bin/../lib/gcc/mips-sde-elf/4.9.2/../../../../mips-sde-elf/lib/el/sof/64\libc.a(lib_a-atoi.o)
                              build\kernel\components\drivers\misc\rt_drv_pwm.o (atoi)
c:/mgc/embedded/codebench/bin/../lib/gcc/mips-sde-elf/4.9.2/../../../../mips-sde-elf/lib/el/sof/64\libc.a(lib_a-fclose.o)
                              build\kernel\components\libc\compilers\newlib\stdio.o (fclose)
c:/mgc/embedded/codebench/bin/../lib/gcc/mips-sde-elf/4.9.2/../../../../mips-sde-elf/lib/el/sof/64\libc.a(lib_a-fflush.o)
                              c:/mgc/embedded/codebench/bin/../lib/gcc/mips-sde-elf/4.9.2/../../../../mips-sde-elf/lib/el/sof/64\libc.a(lib_a-fclose.o) (__sflush_r)
c:/mgc/embedded/codebench/bin/../lib/gcc/mips-sde-elf/4.9.2/../../../../mips-sde-elf/lib/el/sof/64\libc.a(lib_a-fgets.o)
                              build\applications\morse_encode.o (fgets)
c:/mgc/embedded/codebench/bin/../lib/gcc/mips-sde-elf/4.9.2/../../../../mips-sde-elf/lib/el/sof/64\libc.a(lib_a-fileno.o)
                              build\kernel\components\libc\compilers\newlib\stdio.o (fileno)
c:/mgc/embedded/codebench/bin/../lib/gcc/mips-sde-elf/4.9.2/../../../../mips-sde-elf/lib/el/sof/64\libc.a(lib_a-findfp.o)
                              c:/mgc/embedded/codebench/bin/../lib/gcc/mips-sde-elf/4.9.2/../../../../mips-sde-elf/lib/el/sof/64\libc.a(lib_a-fclose.o) (__sinit)
c:/mgc/embedded/codebench/bin/../lib/gcc/mips-sde-elf/4.9.2/../../../../mips-sde-elf/lib/el/sof/64\libc.a(lib_a-fopen.o)
                              build\kernel\components\libc\compilers\newlib\stdio.o (fopen)
c:/mgc/embedded/codebench/bin/../lib/gcc/mips-sde-elf/4.9.2/../../../../mips-sde-elf/lib/el/sof/64\libc.a(lib_a-fseek.o)
                              c:/mgc/embedded/codebench/bin/../lib/gcc/mips-sde-elf/4.9.2/../../../../mips-sde-elf/lib/el/sof/64\libc.a(lib_a-fopen.o) (_fseek_r)
c:/mgc/embedded/codebench/bin/../lib/gcc/mips-sde-elf/4.9.2/../../../../mips-sde-elf/lib/el/sof/64\libc.a(lib_a-fseeko.o)
                              c:/mgc/embedded/codebench/bin/../lib/gcc/mips-sde-elf/4.9.2/../../../../mips-sde-elf/lib/el/sof/64\libc.a(lib_a-fseek.o) (_fseeko_r)
c:/mgc/embedded/codebench/bin/../lib/gcc/mips-sde-elf/4.9.2/../../../../mips-sde-elf/lib/el/sof/64\libc.a(lib_a-fwalk.o)
                              c:/mgc/embedded/codebench/bin/../lib/gcc/mips-sde-elf/4.9.2/../../../../mips-sde-elf/lib/el/sof/64\libc.a(lib_a-fflush.o) (_fwalk_reent)
c:/mgc/embedded/codebench/bin/../lib/gcc/mips-sde-elf/4.9.2/../../../../mips-sde-elf/lib/el/sof/64\libc.a(lib_a-impure.o)
                              build\kernel\components\libc\compilers\newlib\stdio.o (_global_impure_ptr)
c:/mgc/embedded/codebench/bin/../lib/gcc/mips-sde-elf/4.9.2/../../../../mips-sde-elf/lib/el/sof/64\libc.a(lib_a-lcltime.o)
                              build\drivers\drv_rtc.o (localtime)
c:/mgc/embedded/codebench/bin/../lib/gcc/mips-sde-elf/4.9.2/../../../../mips-sde-elf/lib/el/sof/64\libc.a(lib_a-lcltime_r.o)
                              c:/mgc/embedded/codebench/bin/../lib/gcc/mips-sde-elf/4.9.2/../../../../mips-sde-elf/lib/el/sof/64\libc.a(lib_a-lcltime.o) (localtime_r)
c:/mgc/embedded/codebench/bin/../lib/gcc/mips-sde-elf/4.9.2/../../../../mips-sde-elf/lib/el/sof/64\libc.a(lib_a-makebuf.o)
                              c:/mgc/embedded/codebench/bin/../lib/gcc/mips-sde-elf/4.9.2/../../../../mips-sde-elf/lib/el/sof/64\libc.a(lib_a-fseeko.o) (__smakebuf_r)
c:/mgc/embedded/codebench/bin/../lib/gcc/mips-sde-elf/4.9.2/../../../../mips-sde-elf/lib/el/sof/64\libc.a(lib_a-malloc.o)
                              build\applications\morse_encode.o (malloc)
c:/mgc/embedded/codebench/bin/../lib/gcc/mips-sde-elf/4.9.2/../../../../mips-sde-elf/lib/el/sof/64\libc.a(lib_a-memchr.o)
                              c:/mgc/embedded/codebench/bin/../lib/gcc/mips-sde-elf/4.9.2/../../../../mips-sde-elf/lib/el/sof/64\libc.a(lib_a-fgets.o) (memchr)
c:/mgc/embedded/codebench/bin/../lib/gcc/mips-sde-elf/4.9.2/../../../../mips-sde-elf/lib/el/sof/64\libc.a(lib_a-memcmp.o)
                              build\kernel\components\finsh\shell.o (memcmp)
c:/mgc/embedded/codebench/bin/../lib/gcc/mips-sde-elf/4.9.2/../../../../mips-sde-elf/lib/el/sof/64\libc.a(lib_a-memcpy.o)
                              build\kernel\components\drivers\src\ringbuffer.o (memcpy)
c:/mgc/embedded/codebench/bin/../lib/gcc/mips-sde-elf/4.9.2/../../../../mips-sde-elf/lib/el/sof/64\libc.a(lib_a-memset.o)
                              build\kernel\components\dfs\src\dfs.o (memset)
c:/mgc/embedded/codebench/bin/../lib/gcc/mips-sde-elf/4.9.2/../../../../mips-sde-elf/lib/el/sof/64\libc.a(lib_a-mktime.o)
                              build\drivers\drv_rtc.o (mktime)
c:/mgc/embedded/codebench/bin/../lib/gcc/mips-sde-elf/4.9.2/../../../../mips-sde-elf/lib/el/sof/64\libc.a(lib_a-mktm_r.o)
[...]
Memory Configuration

Name             Origin             Length             Attributes
*default*        0x0000000000000000 0xffffffffffffffff

Linker script and memory map

LOAD build\applications\main.o
LOAD build\applications\morse_encode.o
LOAD build\applications\sound.o
LOAD build\drivers\board.o
LOAD build\drivers\clk.o
LOAD build\drivers\drv_gpio.o
LOAD build\drivers\drv_pwm.o
LOAD build\drivers\drv_rtc.o
LOAD build\drivers\drv_uart.o
LOAD build\drivers\interrupt.o
LOAD build\kernel\src\clock.o
LOAD build\kernel\src\components.o
LOAD build\kernel\src\device.o
LOAD build\kernel\src\idle.o
LOAD build\kernel\src\ipc.o
LOAD build\kernel\src\irq.o
LOAD build\kernel\src\kservice.o
LOAD build\kernel\src\mem.o
LOAD build\kernel\src\mempool.o
LOAD build\kernel\src\object.o
LOAD build\kernel\src\scheduler.o
LOAD build\kernel\src\signal.o
LOAD build\kernel\src\thread.o
LOAD build\kernel\src\timer.o
LOAD build\kernel\libcpu\mips\common\exception.o
LOAD build\kernel\libcpu\mips\common\mips_cache.o
LOAD build\kernel\libcpu\mips\common\stack.o
LOAD build\kernel\libcpu\mips\common\context_gcc.o
LOAD build\kernel\libcpu\mips\common\entry_gcc.o
LOAD build\kernel\libcpu\mips\common\exception_gcc.o
LOAD build\kernel\libcpu\mips\gs264\cpuinit_gcc.o
LOAD build\kernel\components\dfs\src\dfs.o
LOAD build\kernel\components\dfs\src\dfs_file.o
LOAD build\kernel\components\dfs\src\dfs_fs.o
LOAD build\kernel\components\dfs\src\dfs_posix.o
LOAD build\kernel\components\dfs\src\poll.o
LOAD build\kernel\components\dfs\src\select.o
LOAD build\kernel\components\dfs\filesystems\devfs\devfs.o
LOAD build\kernel\components\drivers\misc\pin.o
LOAD build\kernel\components\drivers\misc\rt_drv_pwm.o
LOAD build\kernel\components\drivers\serial\serial.o
LOAD build\kernel\components\drivers\src\completion.o
LOAD build\kernel\components\drivers\src\dataqueue.o
LOAD build\kernel\components\drivers\src\pipe.o
LOAD build\kernel\components\drivers\src\ringblk_buf.o
LOAD build\kernel\components\drivers\src\ringbuffer.o
LOAD build\kernel\components\drivers\src\waitqueue.o
LOAD build\kernel\components\drivers\src\workqueue.o
LOAD build\kernel\components\finsh\shell.o
LOAD build\kernel\components\finsh\cmd.o
LOAD build\kernel\components\finsh\msh.o
LOAD build\kernel\components\finsh\msh_file.o
LOAD build\kernel\components\finsh\finsh_compiler.o
LOAD build\kernel\components\finsh\finsh_error.o
LOAD build\kernel\components\finsh\finsh_heap.o
LOAD build\kernel\components\finsh\finsh_init.o
LOAD build\kernel\components\finsh\finsh_node.o
LOAD build\kernel\components\finsh\finsh_ops.o
LOAD build\kernel\components\finsh\finsh_parser.o
LOAD build\kernel\components\finsh\finsh_var.o
LOAD build\kernel\components\finsh\finsh_vm.o
LOAD build\kernel\components\finsh\finsh_token.o
LOAD build\kernel\components\libc\compilers\newlib\libc.o
LOAD build\kernel\components\libc\compilers\newlib\libc_syms.o
LOAD build\kernel\components\libc\compilers\newlib\stdio.o
LOAD build\kernel\components\libc\compilers\newlib\syscalls.o
LOAD build\kernel\components\libc\compilers\newlib\time.o
LOAD c:/mgc/embedded/codebench/bin/../lib/gcc/mips-sde-elf/4.9.2/../../../../mips-sde-elf/lib/el/sof/64\libc.a
LOAD c:/mgc/embedded/codebench/bin/../lib/gcc/mips-sde-elf/4.9.2/../../../../mips-sde-elf/lib/el/sof/64\libm.a
LOAD c:/mgc/embedded/codebench/bin/../lib/gcc/mips-sde-elf/4.9.2/el/sof/64\libgcc.a
LOAD c:/mgc/embedded/codebench/bin/../lib/gcc/mips-sde-elf/4.9.2/el/sof/64\libgcc.a
START GROUP
LOAD c:/mgc/embedded/codebench/bin/../lib/gcc/mips-sde-elf/4.9.2/el/sof/64\libgcc.a
LOAD c:/mgc/embedded/codebench/bin/../lib/gcc/mips-sde-elf/4.9.2/../../../../mips-sde-elf/lib/el/sof/64\libc.a
END GROUP
                0xffffffff82000000                . = 0xffffffff82000000

.text           0xffffffff80200000    0x43dc0
                0xffffffff80200000                __ebase_entry = .
 *(.exc_vectors)
 .exc_vectors   0xffffffff80200000      0x24c build\kernel\libcpu\mips\common\exception_gcc.o
                0xffffffff80200000                tlb_refill_exception
                0xffffffff80200180                general_exception
                0xffffffff80200200                irq_exception
                0xffffffff8020024c                __ebase_end = .
                0xffffffff8020024c                start = .
 *(.start)
 .start         0xffffffff8020024c       0xb0 build\kernel\libcpu\mips\common\entry_gcc.o
                0xffffffff8020024c                _rtthread_entry
                0xffffffff8020024c                _start
                0xffffffff802002fc                . = ALIGN (0x4)
 *(.text)
 .text          0xffffffff802002fc      0x4e8 build\kernel\libcpu\mips\common\context_gcc.o
                0xffffffff802002fc                rt_hw_context_switch
                0xffffffff8020047c                rt_hw_context_switch_to
                0xffffffff80200548                rt_hw_context_switch_interrupt
                0xffffffff802005b8                mips_irq_handle
 .text          0xffffffff802007e4       0x14 build\kernel\libcpu\mips\gs264\cpuinit_gcc.o
                0xffffffff802007e4                rt_cpu_early_init
 .text          0xffffffff802007f8       0x48 c:/mgc/embedded/codebench/bin/../lib/gcc/mips-sde-elf/4.9.2/../../../../mips-sde-elf/lib/el/sof/64\libc.a(lib_a-atoi.o)
                0xffffffff802007f8                atoi
                0xffffffff8020081c                _atoi_r
 .text          0xffffffff80200840      0x118 c:/mgc/embedded/codebench/bin/../lib/gcc/mips-sde-elf/4.9.2/../../../../mips-sde-elf/lib/el/sof/64\libc.a(lib_a-fclose.o)
                0xffffffff80200840                _fclose_r
                0xffffffff80200938                fclose
 .text          0xffffffff80200958      0x2f8 c:/mgc/embedded/codebench/bin/../lib/gcc/mips-sde-elf/4.9.2/../../../../mips-sde-elf/lib/el/sof/64\libc.a(lib_a-fflush.o)
                0xffffffff80200958                __sflush_r
                0xffffffff80200b8c                _fflush_r
                0xffffffff80200be4                fflush
 .text          0xffffffff80200c50      0x178 c:/mgc/embedded/codebench/bin/../lib/gcc/mips-sde-elf/4.9.2/../../../../mips-sde-elf/lib/el/sof/64\libc.a(lib_a-fgets.o)
                0xffffffff80200c50                _fgets_r
                0xffffffff80200d98                fgets
 .text          0xffffffff80200dc8       0x7c c:/mgc/embedded/codebench/bin/../lib/gcc/mips-sde-elf/4.9.2/../../../../mips-sde-elf/lib/el/sof/64\libc.a(lib_a-fileno.o)
                0xffffffff80200dc8                fileno
 .text          0xffffffff80200e44      0x3ac c:/mgc/embedded/codebench/bin/../lib/gcc/mips-sde-elf/4.9.2/../../../../mips-sde-elf/lib/el/sof/64\libc.a(lib_a-findfp.o)
                0xffffffff80200e44                _cleanup_r
                0xffffffff80200e74                __sfmoreglue
                0xffffffff80200eec                _cleanup
                0xffffffff80200f08                __sinit
                0xffffffff802010ec                __sfp
 .text          0xffffffff802011f0      0x148 c:/mgc/embedded/codebench/bin/../lib/gcc/mips-sde-elf/4.9.2/../../../../mips-sde-elf/lib/el/sof/64\libc.a(lib_a-fopen.o)
                0xffffffff802011f0                _fopen_r
                0xffffffff80201310                fopen
 .text          0xffffffff80201338       0x60 c:/mgc/embedded/codebench/bin/../lib/gcc/mips-sde-elf/4.9.2/../../../../mips-sde-elf/lib/el/sof/64\libc.a(lib_a-fseek.o)
                0xffffffff80201338                _fseek_r
                0xffffffff80201354                fseek
 .text          0xffffffff80201398      0x4ac c:/mgc/embedded/codebench/bin/../lib/gcc/mips-sde-elf/4.9.2/../../../../mips-sde-elf/lib/el/sof/64\libc.a(lib_a-fseeko.o)
                0xffffffff80201398                _fseeko_r
                0xffffffff80201814                fseeko
 .text          0xffffffff80201844      0x154 c:/mgc/embedded/codebench/bin/../lib/gcc/mips-sde-elf/4.9.2/../../../../mips-sde-elf/lib/el/sof/64\libc.a(lib_a-fwalk.o)
                0xffffffff80201844                _fwalk
                0xffffffff802018e8                _fwalk_reent
 .text          0xffffffff80201998       0x34 c:/mgc/embedded/codebench/bin/../lib/gcc/mips-sde-elf/4.9.2/../../../../mips-sde-elf/lib/el/sof/64\libc.a(lib_a-lcltime.o)
                0xffffffff80201998                localtime
 .text          0xffffffff802019cc       0x1c c:/mgc/embedded/codebench/bin/../lib/gcc/mips-sde-elf/4.9.2/../../../../mips-sde-elf/lib/el/sof/64\libc.a(lib_a-lcltime_r.o)
                0xffffffff802019cc                localtime_r
 .text          0xffffffff802019e8      0x190 c:/mgc/embedded/codebench/bin/../lib/gcc/mips-sde-elf/4.9.2/../../../../mips-sde-elf/lib/el/sof/64\libc.a(lib_a-makebuf.o)
                0xffffffff802019e8                __smakebuf_r
 .text          0xffffffff80201b78       0x70 c:/mgc/embedded/codebench/bin/../lib/gcc/mips-sde-elf/4.9.2/../../../../mips-sde-elf/lib/el/sof/64\libc.a(lib_a-malloc.o)
                0xffffffff80201b78                malloc
                0xffffffff80201bb0                free
 .text          0xffffffff80201be8       0x34 c:/mgc/embedded/codebench/bin/../lib/gcc/mips-sde-elf/4.9.2/../../../../mips-sde-elf/lib/el/sof/64\libc.a(lib_a-memchr.o)
                0xffffffff80201be8                memchr
 .text          0xffffffff80201c1c       0x98 c:/mgc/embedded/codebench/bin/../lib/gcc/mips-sde-elf/4.9.2/../../../../mips-sde-elf/lib/el/sof/64\libc.a(lib_a-memcmp.o)
                0xffffffff80201c1c                memcmp
 .text          0xffffffff80201cb4      0x3e4 c:/mgc/embedded/codebench/bin/../lib/gcc/mips-sde-elf/4.9.2/../../../../mips-sde-elf/lib/el/sof/64\libc.a(lib_a-memcpy.o)
                0xffffffff80201cb4                memcpy
 .text          0xffffffff80202098      0x124 c:/mgc/embedded/codebench/bin/../lib/gcc/mips-sde-elf/4.9.2/../../../../mips-sde-elf/lib/el/sof/64\libc.a(lib_a-memset.o)
                0xffffffff80202098                memset
 .text          0xffffffff802021bc      0x794 c:/mgc/embedded/codebench/bin/../lib/gcc/mips-sde-elf/4.9.2/../../../../mips-sde-elf/lib/el/sof/64\libc.a(lib_a-mktime.o)
                0xffffffff802024bc                mktime
 .text          0xffffffff80202950      0x6f4 c:/mgc/embedded/codebench/bin/../lib/gcc/mips-sde-elf/4.9.2/../../../../mips-sde-elf/lib/el/sof/64\libc.a(lib_a-mktm_r.o)
                0xffffffff80202950                __tzcalc_limits
                0xffffffff80202b94                _mktm_r
 .text          0xffffffff80203044       0x9c c:/mgc/embedded/codebench/bin/../lib/gcc/mips-sde-elf/4.9.2/../../../../mips-sde-elf/lib/el/sof/64\libc.a(lib_a-printf.o)
                0xffffffff80203044                _printf_r
                0xffffffff80203084                printf
 .text          0xffffffff802030e0       0x38 c:/mgc/embedded/codebench/bin/../lib/gcc/mips-sde-elf/4.9.2/../../../../mips-sde-elf/lib/el/sof/64\libc.a(lib_a-putenv.o)
                0xffffffff802030e0                putenv
 .text          0xffffffff80203118       0x8c c:/mgc/embedded/codebench/bin/../lib/gcc/mips-sde-elf/4.9.2/../../../../mips-sde-elf/lib/el/sof/64\libc.a(lib_a-putenv_r.o)
                0xffffffff80203118                _putenv_r
 .text          0xffffffff802031a4      0x234 c:/mgc/embedded/codebench/bin/../lib/gcc/mips-sde-elf/4.9.2/../../../../mips-sde-elf/lib/el/sof/64\libc.a(lib_a-refill.o)
                0xffffffff802031d8                __srefill_r
 .text          0xffffffff802033d8       0x98 c:/mgc/embedded/codebench/bin/../lib/gcc/mips-sde-elf/4.9.2/../../../../mips-sde-elf/lib/el/sof/64\libc.a(lib_a-rget.o)
                0xffffffff802033d8                __srget_r
                0xffffffff80203450                __srget
 .text          0xffffffff80203470      0x3cc c:/mgc/embedded/codebench/bin/../lib/gcc/mips-sde-elf/4.9.2/../../../../mips-sde-elf/lib/el/sof/64\libc.a(lib_a-setenv_r.o)
                0xffffffff80203470                _setenv_r
                0xffffffff80203774                _unsetenv_r
 .text          0xffffffff8020383c      0x1ac c:/mgc/embedded/codebench/bin/../lib/gcc/mips-sde-elf/4.9.2/../../../../mips-sde-elf/lib/el/sof/64\libc.a(lib_a-setvbuf.o)
                0xffffffff8020383c                setvbuf
 .text          0xffffffff802039e8      0x19c c:/mgc/embedded/codebench/bin/../lib/gcc/mips-sde-elf/4.9.2/../../../../mips-sde-elf/lib/el/sof/64\libc.a(lib_a-snprintf.o)
                0xffffffff802039e8                _snprintf_r
                0xffffffff80203aac                snprintf
 .text          0xffffffff80203b84      0x144 c:/mgc/embedded/codebench/bin/../lib/gcc/mips-sde-elf/4.9.2/../../../../mips-sde-elf/lib/el/sof/64\libc.a(lib_a-stdio.o)
                0xffffffff80203b84                __sread
                0xffffffff80203bd0                __seofread
                0xffffffff80203bd8                __swrite
                0xffffffff80203c58                __sseek
                0xffffffff80203ca8                __sclose
 .text          0xffffffff80203cc8       0x38 c:/mgc/embedded/codebench/bin/../lib/gcc/mips-sde-elf/4.9.2/../../../../mips-sde-elf/lib/el/sof/64\libc.a(lib_a-strcat.o)
                0xffffffff80203cc8                strcat
 .text          0xffffffff80203d00       0x34 c:/mgc/embedded/codebench/bin/../lib/gcc/mips-sde-elf/4.9.2/../../../../mips-sde-elf/lib/el/sof/64\libc.a(lib_a-strchr.o)
                0xffffffff80203d00                strchr
 .text          0xffffffff80203d34      0x240 c:/mgc/embedded/codebench/bin/../lib/gcc/mips-sde-elf/4.9.2/../../../../mips-sde-elf/lib/el/sof/64\libc.a(lib_a-strcmp.o)
                0xffffffff80203d34                strcmp
 .text          0xffffffff80203f74      0x1a8 c:/mgc/embedded/codebench/bin/../lib/gcc/mips-sde-elf/4.9.2/../../../../mips-sde-elf/lib/el/sof/64\libc.a(lib_a-strcpy.o)
                0xffffffff80203f74                strcpy
 .text          0xffffffff8020411c       0x68 c:/mgc/embedded/codebench/bin/../lib/gcc/mips-sde-elf/4.9.2/../../../../mips-sde-elf/lib/el/sof/64\libc.a(lib_a-strdup_r.o)
                0xffffffff8020411c                _strdup_r
 .text          0xffffffff80204184      0x220 c:/mgc/embedded/codebench/bin/../lib/gcc/mips-sde-elf/4.9.2/../../../../mips-sde-elf/lib/el/sof/64\libc.a(lib_a-strlen.o)
                0xffffffff80204184                strlen
 .text          0xffffffff802043a4       0x4c c:/mgc/embedded/codebench/bin/../lib/gcc/mips-sde-elf/4.9.2/../../../../mips-sde-elf/lib/el/sof/64\libc.a(lib_a-strncmp.o)
                0xffffffff802043a4                strncmp
 .text          0xffffffff802043f0       0x3c c:/mgc/embedded/codebench/bin/../lib/gcc/mips-sde-elf/4.9.2/../../../../mips-sde-elf/lib/el/sof/64\libc.a(lib_a-strncpy.o)
                0xffffffff802043f0                strncpy
 .text          0xffffffff8020442c       0x60 c:/mgc/embedded/codebench/bin/../lib/gcc/mips-sde-elf/4.9.2/../../../../mips-sde-elf/lib/el/sof/64\libc.a(lib_a-strrchr.o)
                0xffffffff8020442c                strrchr
 .text          0xffffffff8020448c       0x60 c:/mgc/embedded/codebench/bin/../lib/gcc/mips-sde-elf/4.9.2/../../../../mips-sde-elf/lib/el/sof/64\libc.a(lib_a-strstr.o)
                0xffffffff8020448c                strstr
 .text          0xffffffff802044ec      0x210 c:/mgc/embedded/codebench/bin/../lib/gcc/mips-sde-elf/4.9.2/../../../../mips-sde-elf/lib/el/sof/64\libc.a(lib_a-strtol.o)
                0xffffffff802044ec                _strtol_r
                0xffffffff802046cc                strtol
 .text          0xffffffff802046fc      0x1ec c:/mgc/embedded/codebench/bin/../lib/gcc/mips-sde-elf/4.9.2/../../../../mips-sde-elf/lib/el/sof/64\libc.a(lib_a-strtoul.o)
                0xffffffff802046fc                _strtoul_r
                0xffffffff802048b8                strtoul
 .text          0xffffffff802048e8     0x18ec c:/mgc/embedded/codebench/bin/../lib/gcc/mips-sde-elf/4.9.2/../../../../mips-sde-elf/lib/el/sof/64\libc.a(lib_a-svfprintf.o)
                0xffffffff802048e8                _svfprintf_r
 .text          0xffffffff802061d4       0x34 c:/mgc/embedded/codebench/bin/../lib/gcc/mips-sde-elf/4.9.2/../../../../mips-sde-elf/lib/el/sof/64\libc.a(lib_a-tzset.o)
                0xffffffff802061d4                tzset
 .text          0xffffffff80206208      0x600 c:/mgc/embedded/codebench/bin/../lib/gcc/mips-sde-elf/4.9.2/../../../../mips-sde-elf/lib/el/sof/64\libc.a(lib_a-tzset_r.o)
                0xffffffff80206208                _tzset_r
 .text          0xffffffff80206808     0x1a38 c:/mgc/embedded/codebench/bin/../lib/gcc/mips-sde-elf/4.9.2/../../../../mips-sde-elf/lib/el/sof/64\libc.a(lib_a-vfprintf.o)
                0xffffffff80206808                _vfprintf_r
                0xffffffff80208154                vfprintf
 .text          0xffffffff80208240      0x154 c:/mgc/embedded/codebench/bin/../lib/gcc/mips-sde-elf/4.9.2/../../../../mips-sde-elf/lib/el/sof/64\libc.a(lib_a-wsetup.o)
                0xffffffff80208240                __swsetup_r
 .text          0xffffffff80208394       0x54 c:/mgc/embedded/codebench/bin/../lib/gcc/mips-sde-elf/4.9.2/../../../../mips-sde-elf/lib/el/sof/64\libc.a(lib_a-div.o)
                0xffffffff80208394                div
 .text          0xffffffff802083e8     0x1578 c:/mgc/embedded/codebench/bin/../lib/gcc/mips-sde-elf/4.9.2/../../../../mips-sde-elf/lib/el/sof/64\libc.a(lib_a-dtoa.o)
                0xffffffff802085dc                _dtoa_r
 .text          0xffffffff80209960       0x10 c:/mgc/embedded/codebench/bin/../lib/gcc/mips-sde-elf/4.9.2/../../../../mips-sde-elf/lib/el/sof/64\libc.a(lib_a-envlock.o)
                0xffffffff80209960                __env_lock
                0xffffffff80209968                __env_unlock
 .text          0xffffffff80209970       0xb4 c:/mgc/embedded/codebench/bin/../lib/gcc/mips-sde-elf/4.9.2/../../../../mips-sde-elf/lib/el/sof/64\libc.a(lib_a-flags.o)
                0xffffffff80209970                __sflags
 .text          0xffffffff80209a24      0x12c c:/mgc/embedded/codebench/bin/../lib/gcc/mips-sde-elf/4.9.2/../../../../mips-sde-elf/lib/el/sof/64\libc.a(lib_a-getenv_r.o)
                0xffffffff80209a24                _findenv_r
                0xffffffff80209b34                _getenv_r
 .text          0xffffffff80209b50       0x1c c:/mgc/embedded/codebench/bin/../lib/gcc/mips-sde-elf/4.9.2/../../../../mips-sde-elf/lib/el/sof/64\libc.a(lib_a-gettzinfo.o)
                0xffffffff80209b50                __gettzinfo
 .text          0xffffffff80209b6c      0x16c c:/mgc/embedded/codebench/bin/../lib/gcc/mips-sde-elf/4.9.2/../../../../mips-sde-elf/lib/el/sof/64\libc.a(lib_a-locale.o)
                0xffffffff80209b6c                _setlocale_r
                0xffffffff80209c1c                __locale_charset
                0xffffffff80209c38                __locale_mb_cur_max
                0xffffffff80209c54                __locale_msgcharset
                0xffffffff80209c70                __locale_cjk_lang
                0xffffffff80209c78                _localeconv_r
                0xffffffff80209c94                setlocale
                0xffffffff80209cbc                localeconv
 .text          0xffffffff80209cd8      0xf60 c:/mgc/embedded/codebench/bin/../lib/gcc/mips-sde-elf/4.9.2/../../../../mips-sde-elf/lib/el/sof/64\libc.a(lib_a-mprec.o)
                0xffffffff80209cd8                _Balloc
                0xffffffff80209d88                _Bfree
                0xffffffff80209db4                __multadd
                0xffffffff80209ec4                __s2b
                0xffffffff80209ff0                __hi0bits
                0xffffffff8020a068                __lo0bits
                0xffffffff8020a124                __i2b
                0xffffffff8020a158                __multiply
                0xffffffff8020a33c                __pow5mult
                0xffffffff8020a454                __lshift
                0xffffffff8020a5b0                __mcmp
                0xffffffff8020a61c                __mdiff
                0xffffffff8020a780                __ulp
                0xffffffff8020a7f8                __b2d
                0xffffffff8020a8fc                __d2b
                0xffffffff8020aa24                __ratio
                0xffffffff8020aab0                _mprec_log10
                0xffffffff8020ab50                __copybits
                0xffffffff8020abac                __any_on
 .text          0xffffffff8020ac38       0x6c c:/mgc/embedded/codebench/bin/../lib/gcc/mips-sde-elf/4.9.2/../../../../mips-sde-elf/lib/el/sof/64\libc.a(lib_a-s_fpclassify.o)
                0xffffffff8020ac38                __fpclassifyd
 .text          0xffffffff8020aca4      0x150 c:/mgc/embedded/codebench/bin/../lib/gcc/mips-sde-elf/4.9.2/../../../../mips-sde-elf/lib/el/sof/64\libc.a(lib_a-siscanf.o)
                0xffffffff8020aca4                siscanf
                0xffffffff8020ad54                _siscanf_r
 .text          0xffffffff8020adf4      0xefc c:/mgc/embedded/codebench/bin/../lib/gcc/mips-sde-elf/4.9.2/../../../../mips-sde-elf/lib/el/sof/64\libc.a(lib_a-svfiprintf.o)
                0xffffffff8020adf4                __ssprint_r
                0xffffffff8020aff0                _svfiprintf_r
 .text          0xffffffff8020bcf0     0x10d8 c:/mgc/embedded/codebench/bin/../lib/gcc/mips-sde-elf/4.9.2/../../../../mips-sde-elf/lib/el/sof/64\libc.a(lib_a-svfiscanf.o)
                0xffffffff8020bcf0                _sungetc_r
                0xffffffff8020bdf4                __ssrefill_r
                0xffffffff8020be6c                _sfread_r
                0xffffffff8020bf6c                __ssvfiscanf_r
 .text          0xffffffff8020cdc8      0x2a4 c:/mgc/embedded/codebench/bin/../lib/gcc/mips-sde-elf/4.9.2/../../../../mips-sde-elf/lib/el/sof/64\libc.a(lib_a-ungetc.o)
                0xffffffff8020cdc8                __submore
                0xffffffff8020ce94                _ungetc_r
                0xffffffff8020d044                ungetc
 .text          0xffffffff8020d06c      0xf50 c:/mgc/embedded/codebench/bin/../lib/gcc/mips-sde-elf/4.9.2/../../../../mips-sde-elf/lib/el/sof/64\libc.a(lib_a-vfiprintf.o)
                0xffffffff8020d06c                __sprint_r
                0xffffffff8020d164                _vfiprintf_r
                0xffffffff8020ded0                vfiprintf
 .text          0xffffffff8020dfbc      0x1f8 c:/mgc/embedded/codebench/bin/../lib/gcc/mips-sde-elf/4.9.2/../../../../mips-sde-elf/lib/el/sof/64\libc.a(lib_a-fputwc.o)
                0xffffffff8020dfbc                _fputwc_r
                0xffffffff8020e144                fputwc
 .text          0xffffffff8020e1b4      0x500 c:/mgc/embedded/codebench/bin/../lib/gcc/mips-sde-elf/4.9.2/../../../../mips-sde-elf/lib/el/sof/64\libc.a(lib_a-fvwrite.o)
                0xffffffff8020e1b4                __sfvwrite_r
 .text          0xffffffff8020e6b4       0x3c c:/mgc/embedded/codebench/bin/../lib/gcc/mips-sde-elf/4.9.2/../../../../mips-sde-elf/lib/el/sof/64\libc.a(lib_a-iswspace.o)
                0xffffffff8020e6b4                iswspace
 .text          0xffffffff8020e6f0      0x100 c:/mgc/embedded/codebench/bin/../lib/gcc/mips-sde-elf/4.9.2/../../../../mips-sde-elf/lib/el/sof/64\libc.a(lib_a-mbrtowc.o)
                0xffffffff8020e6f0                _mbrtowc_r
                0xffffffff8020e7b8                mbrtowc
 .text          0xffffffff8020e7f0       0xa0 c:/mgc/embedded/codebench/bin/../lib/gcc/mips-sde-elf/4.9.2/../../../../mips-sde-elf/lib/el/sof/64\libc.a(lib_a-mbtowc_r.o)
                0xffffffff8020e7f0                __ascii_mbtowc
                0xffffffff8020e820                _mbtowc_r
 .text          0xffffffff8020e890       0x6c c:/mgc/embedded/codebench/bin/../lib/gcc/mips-sde-elf/4.9.2/../../../../mips-sde-elf/lib/el/sof/64\libc.a(lib_a-memmove.o)
                0xffffffff8020e890                memmove
 .text          0xffffffff8020e8fc       0xd8 c:/mgc/embedded/codebench/bin/../lib/gcc/mips-sde-elf/4.9.2/../../../../mips-sde-elf/lib/el/sof/64\libc.a(lib_a-sccl.o)
                0xffffffff8020e8fc                __sccl
 .text          0xffffffff8020e9d4      0x1e0 c:/mgc/embedded/codebench/bin/../lib/gcc/mips-sde-elf/4.9.2/../../../../mips-sde-elf/lib/el/sof/64\libc.a(lib_a-strtoll_r.o)
                0xffffffff8020e9d4                _strtoll_r
 .text          0xffffffff8020ebb4      0x1bc c:/mgc/embedded/codebench/bin/../lib/gcc/mips-sde-elf/4.9.2/../../../../mips-sde-elf/lib/el/sof/64\libc.a(lib_a-strtoull_r.o)
                0xffffffff8020ebb4                _strtoull_r
 .text          0xffffffff8020ed70      0x174 c:/mgc/embedded/codebench/bin/../lib/gcc/mips-sde-elf/4.9.2/../../../../mips-sde-elf/lib/el/sof/64\libc.a(lib_a-wbuf.o)
                0xffffffff8020ed70                __swbuf_r
                0xffffffff8020eebc                __swbuf
 .text          0xffffffff8020eee4       0xd8 c:/mgc/embedded/codebench/bin/../lib/gcc/mips-sde-elf/4.9.2/../../../../mips-sde-elf/lib/el/sof/64\libc.a(lib_a-wcrtomb.o)
                0xffffffff8020eee4                _wcrtomb_r
                0xffffffff8020ef8c                wcrtomb
 .text          0xffffffff8020efbc       0x98 c:/mgc/embedded/codebench/bin/../lib/gcc/mips-sde-elf/4.9.2/../../../../mips-sde-elf/lib/el/sof/64\libc.a(lib_a-wctomb_r.o)
                0xffffffff8020efbc                __ascii_wctomb
                0xffffffff8020efec                _wctomb_r
 .text          0xffffffff8020f054      0x4e4 c:/mgc/embedded/codebench/bin/../lib/gcc/mips-sde-elf/4.9.2/el/sof/64\libgcc.a(adddf3.o)
                0xffffffff8020f054                __adddf3
 .text          0xffffffff8020f538      0x36c c:/mgc/embedded/codebench/bin/../lib/gcc/mips-sde-elf/4.9.2/el/sof/64\libgcc.a(divdf3.o)
                0xffffffff8020f538                __divdf3
 .text          0xffffffff8020f8a4       0x68 c:/mgc/embedded/codebench/bin/../lib/gcc/mips-sde-elf/4.9.2/el/sof/64\libgcc.a(eqdf2.o)
                0xffffffff8020f8a4                __nedf2
                0xffffffff8020f8a4                __eqdf2
 .text          0xffffffff8020f90c      0x104 c:/mgc/embedded/codebench/bin/../lib/gcc/mips-sde-elf/4.9.2/el/sof/64\libgcc.a(gedf2.o)
                0xffffffff8020f90c                __gedf2
                0xffffffff8020f90c                __gtdf2
 .text          0xffffffff8020fa10      0x104 c:/mgc/embedded/codebench/bin/../lib/gcc/mips-sde-elf/4.9.2/el/sof/64\libgcc.a(ledf2.o)
                0xffffffff8020fa10                __ledf2
                0xffffffff8020fa10                __ltdf2
 .text          0xffffffff8020fb14      0x32c c:/mgc/embedded/codebench/bin/../lib/gcc/mips-sde-elf/4.9.2/el/sof/64\libgcc.a(muldf3.o)
                0xffffffff8020fb14                __muldf3
 .text          0xffffffff8020fe40      0x4fc c:/mgc/embedded/codebench/bin/../lib/gcc/mips-sde-elf/4.9.2/el/sof/64\libgcc.a(subdf3.o)
                0xffffffff8020fe40                __subdf3
 .text          0xffffffff8021033c       0x5c c:/mgc/embedded/codebench/bin/../lib/gcc/mips-sde-elf/4.9.2/el/sof/64\libgcc.a(fixdfsi.o)
                0xffffffff8021033c                __fixdfsi
 .text          0xffffffff80210398       0x50 c:/mgc/embedded/codebench/bin/../lib/gcc/mips-sde-elf/4.9.2/el/sof/64\libgcc.a(floatsidf.o)
                0xffffffff80210398                __floatsidf
 .text          0xffffffff802103e8       0x40 c:/mgc/embedded/codebench/bin/../lib/gcc/mips-sde-elf/4.9.2/el/sof/64\libgcc.a(floatunsidf.o)
                0xffffffff802103e8                __floatunsidf
 *(.text.*)
 .text.main     0xffffffff80210428       0x4c build\applications\main.o
                0xffffffff80210428                main
 .text.morse_play_once
                0xffffffff80210474      0x4cc build\applications\morse_encode.o
                0xffffffff80210474                morse_play_once
 .text.morse_play_test
                0xffffffff80210940      0x31c build\applications\morse_encode.o
                0xffffffff80210940                morse_play_test
 .text.translate
                0xffffffff80210c5c     0x2c3c build\applications\morse_encode.o
                0xffffffff80210c5c                translate
 .text.sound_init
                0xffffffff80213898       0x84 build\applications\sound.o
                0xffffffff80213898                sound_init
 .text.sound_on
                0xffffffff8021391c       0x44 build\applications\sound.o
                0xffffffff8021391c                sound_on
 .text.sound_off
                0xffffffff80213960       0x44 build\applications\sound.o
                0xffffffff80213960                sound_off
 .text.sound_set
                0xffffffff802139a4      0x130 build\applications\sound.o
                0xffffffff802139a4                sound_set
 .text.rt_hw_cpu_shutdown
                0xffffffff80213ad4       0x30 build\drivers\board.o
                0xffffffff80213ad4                rt_hw_cpu_shutdown
 .text.rt_hw_timer_handler
                0xffffffff80213b04       0x3c build\drivers\board.o
                0xffffffff80213b04                rt_hw_timer_handler
 .text.rt_hw_timer_init
                0xffffffff80213b40       0x34 build\drivers\board.o
                0xffffffff80213b40                rt_hw_timer_init
 .text.rt_hw_board_init
                0xffffffff80213b74       0xa0 build\drivers\board.o
                0xffffffff80213b74                rt_hw_board_init
 .text.loongson_pin_mode
                0xffffffff80213c14      0x14c build\drivers\drv_gpio.o
 .text.loongson_pin_write
                0xffffffff80213d60       0xd0 build\drivers\drv_gpio.o
 .text.loongson_pin_read
                0xffffffff80213e30       0x60 build\drivers\drv_gpio.o
 .text.loongson_pin_attach_irq
                0xffffffff80213e90      0x19c build\drivers\drv_gpio.o
 .text.loongson_pin_detach_irq
                0xffffffff8021402c      0x164 build\drivers\drv_gpio.o
 .text.loongson_pin_irq_enable
                0xffffffff80214190      0x104 build\drivers\drv_gpio.o
 .text.gpio_irq_handler
                0xffffffff80214294      0x188 build\drivers\drv_gpio.o
 .text.loongson_pin_init
                0xffffffff8021441c      0x2d4 build\drivers\drv_gpio.o
                0xffffffff8021441c                loongson_pin_init
 .text.loongson_pwm_enable
                0xffffffff802146f0       0xb4 build\drivers\drv_pwm.o
                0xffffffff802146f0                loongson_pwm_enable
 .text.loongson_pwm_disable
                0xffffffff802147a4       0x9c build\drivers\drv_pwm.o
                0xffffffff802147a4                loongson_pwm_disable
 .text.loongson_pwm_set
                0xffffffff80214840       0xe0 build\drivers\drv_pwm.o
                0xffffffff80214840                loongson_pwm_set
 .text.loongson_pwm_ioctl
                0xffffffff80214920      0x128 build\drivers\drv_pwm.o
 .text.loongson_pwm_init
                0xffffffff80214a48       0x8c build\drivers\drv_pwm.o
                0xffffffff80214a48                loongson_pwm_init
 .text.localrtctime
                0xffffffff80214ad4      0x1e4 build\drivers\drv_rtc.o
                0xffffffff80214ad4                localrtctime
 .text.mkrtctime
                0xffffffff80214cb8      0x21c build\drivers\drv_rtc.o
                0xffffffff80214cb8                mkrtctime
 .text.rt_rtc_open
                0xffffffff80214ed4       0x24 build\drivers\drv_rtc.o
 .text.rt_rtc_read
                0xffffffff80214ef8       0x24 build\drivers\drv_rtc.o
 .text.rt_rtc_ioctl
                0xffffffff80214f1c      0x23c build\drivers\drv_rtc.o
 .text.rt_hw_rtc_init
                0xffffffff80215158       0x54 build\drivers\drv_rtc.o
                0xffffffff80215158                rt_hw_rtc_init
 .text.ls2k_uart_configure
                0xffffffff802151ac      0x138 build\drivers\drv_uart.o
 .text.ls2k_uart_control
                0xffffffff802152e4      0x10c build\drivers\drv_uart.o
 .text.uart_is_transmit_empty
                0xffffffff802153f0       0x54 build\drivers\drv_uart.o
 .text.ls2k_uart_putc
                0xffffffff80215444       0xac build\drivers\drv_uart.o
 .text.ls2k_uart_getc
                0xffffffff802154f0       0xb4 build\drivers\drv_uart.o
 .text.uart_irq_handler
                0xffffffff802155a4       0xe0 build\drivers\drv_uart.o
 .text.rt_hw_uart_init
                0xffffffff80215684      0x150 build\drivers\drv_uart.o
                0xffffffff80215684                rt_hw_uart_init
 .text.rt_hw_interrupt_handler
                0xffffffff802157d4       0x50 build\drivers\interrupt.o
 .text.liointc_init
                0xffffffff80215824       0xe8 build\drivers\interrupt.o
 .text.liointc_set_irq_mode
                0xffffffff8021590c      0x4f8 build\drivers\interrupt.o
                0xffffffff8021590c                liointc_set_irq_mode
 .text.liointc_isr
                0xffffffff80215e04      0x130 build\drivers\interrupt.o
 .text.rt_hw_interrupt_init
                0xffffffff80215f34       0xb0 build\drivers\interrupt.o
                0xffffffff80215f34                rt_hw_interrupt_init
 .text.rt_hw_interrupt_install
                0xffffffff80215fe4      0x10c build\drivers\interrupt.o
                0xffffffff80215fe4                rt_hw_interrupt_install
 .text.rt_do_mips_cpu_irq
                0xffffffff802160f0       0xa4 build\drivers\interrupt.o
                0xffffffff802160f0                rt_do_mips_cpu_irq
 .text.rt_hw_interrupt_umask
                0xffffffff80216194       0x94 build\drivers\interrupt.o
                0xffffffff80216194                rt_hw_interrupt_umask
 .text.rt_hw_interrupt_mask
                0xffffffff80216228       0x94 build\drivers\interrupt.o
                0xffffffff80216228                rt_hw_interrupt_mask
 .text.rt_tick_get
                0xffffffff802162bc       0x20 build\kernel\src\clock.o
                0xffffffff802162bc                rt_tick_get
 .text.rt_tick_increase
                0xffffffff802162dc       0xbc build\kernel\src\clock.o
                0xffffffff802162dc                rt_tick_increase
 .text.rt_tick_from_millisecond
                0xffffffff80216398       0xec build\kernel\src\clock.o
                0xffffffff80216398                rt_tick_from_millisecond
 .text.rti_start
                0xffffffff80216484        0xc build\kernel\src\components.o
 .text.rti_board_start
                0xffffffff80216490        0xc build\kernel\src\components.o
 .text.rti_board_end
                0xffffffff8021649c        0xc build\kernel\src\components.o
 .text.rti_end  0xffffffff802164a8        0xc build\kernel\src\components.o
 .text.rt_components_board_init
                0xffffffff802164b4       0x80 build\kernel\src\components.o
                0xffffffff802164b4                rt_components_board_init
 .text.rt_components_init
                0xffffffff80216534       0x80 build\kernel\src\components.o
                0xffffffff80216534                rt_components_init
 .text.main_thread_entry
                0xffffffff802165b4       0x2c build\kernel\src\components.o
                0xffffffff802165b4                main_thread_entry
 .text.rt_application_init
                0xffffffff802165e0       0xb8 build\kernel\src\components.o
                0xffffffff802165e0                rt_application_init
 .text.rtthread_startup
                0xffffffff80216698       0x64 build\kernel\src\components.o
                0xffffffff80216698                rtthread_startup
 .text.rt_list_init
                0xffffffff802166fc       0x30 build\kernel\src\device.o
 .text.rt_wqueue_init
                0xffffffff8021672c       0x80 build\kernel\src\device.o
 .text.rt_device_register
                0xffffffff802167ac       0xb8 build\kernel\src\device.o
                0xffffffff802167ac                rt_device_register
 .text.rt_device_find
                0xffffffff80216864      0x12c build\kernel\src\device.o
                0xffffffff80216864                rt_device_find
 .text.rt_device_open
                0xffffffff80216990      0x2b4 build\kernel\src\device.o
                0xffffffff80216990                rt_device_open
 .text.rt_device_close
                0xffffffff80216c44      0x164 build\kernel\src\device.o
                0xffffffff80216c44                rt_device_close
 .text.rt_device_read
                0xffffffff80216da8      0x13c build\kernel\src\device.o
                0xffffffff80216da8                rt_device_read
 .text.rt_device_write
                0xffffffff80216ee4      0x13c build\kernel\src\device.o
                0xffffffff80216ee4                rt_device_write
 .text.rt_device_control
                0xffffffff80217020      0x10c build\kernel\src\device.o
                0xffffffff80217020                rt_device_control
 .text.rt_device_set_rx_indicate
                0xffffffff8021712c       0xd4 build\kernel\src\device.o
                0xffffffff8021712c                rt_device_set_rx_indicate
 .text.rt_list_remove
                0xffffffff80217200       0x58 build\kernel\src\idle.o
 .text._has_defunct_thread
                0xffffffff80217258       0x44 build\kernel\src\idle.o
 .text.rt_thread_idle_excute
                0xffffffff8021729c      0x1dc build\kernel\src\idle.o
                0xffffffff8021729c                rt_thread_idle_excute
 .text.rt_thread_idle_entry
                0xffffffff80217478       0xa4 build\kernel\src\idle.o
 .text.rt_thread_idle_init
                0xffffffff8021751c      0x14c build\kernel\src\idle.o
                0xffffffff8021751c                rt_thread_idle_init
 .text.rt_list_init
                0xffffffff80217668       0x30 build\kernel\src\ipc.o
 .text.rt_list_insert_before
                0xffffffff80217698       0x50 build\kernel\src\ipc.o
 .text.rt_list_isempty
                0xffffffff802176e8       0x2c build\kernel\src\ipc.o
 .text.rt_ipc_object_init
                0xffffffff80217714       0x34 build\kernel\src\ipc.o
 .text.rt_ipc_list_suspend
                0xffffffff80217748      0x13c build\kernel\src\ipc.o
 .text.rt_ipc_list_resume
                0xffffffff80217884       0x3c build\kernel\src\ipc.o
 .text.rt_sem_init
                0xffffffff802178c0      0x118 build\kernel\src\ipc.o
                0xffffffff802178c0                rt_sem_init
 .text.rt_sem_take
                0xffffffff802179d8      0x3b8 build\kernel\src\ipc.o
                0xffffffff802179d8                rt_sem_take
 .text.rt_sem_release
                0xffffffff80217d90      0x1a0 build\kernel\src\ipc.o
                0xffffffff80217d90                rt_sem_release
 .text.rt_mutex_init
                0xffffffff80217f30       0xd4 build\kernel\src\ipc.o
                0xffffffff80217f30                rt_mutex_init
 .text.rt_mutex_take
                0xffffffff80218004      0x47c build\kernel\src\ipc.o
                0xffffffff80218004                rt_mutex_take
 .text.rt_mutex_release
                0xffffffff80218480      0x3dc build\kernel\src\ipc.o
                0xffffffff80218480                rt_mutex_release
 .text.rt_interrupt_enter
                0xffffffff8021885c       0xac build\kernel\src\irq.o
                0xffffffff8021885c                rt_interrupt_enter
 .text.rt_interrupt_leave
                0xffffffff80218908       0xac build\kernel\src\irq.o
                0xffffffff80218908                rt_interrupt_leave
 .text.rt_interrupt_get_nest
                0xffffffff802189b4       0x50 build\kernel\src\irq.o
                0xffffffff802189b4                rt_interrupt_get_nest
 .text.rt_set_errno
                0xffffffff80218a04       0x98 build\kernel\src\kservice.o
                0xffffffff80218a04                rt_set_errno
 .text._rt_errno
                0xffffffff80218a9c       0x88 build\kernel\src\kservice.o
                0xffffffff80218a9c                _rt_errno
 .text.rt_memset
                0xffffffff80218b24      0x18c build\kernel\src\kservice.o
                0xffffffff80218b24                rt_memset
 .text.rt_memcpy
                0xffffffff80218cb0      0x1b4 build\kernel\src\kservice.o
                0xffffffff80218cb0                rt_memcpy
 .text.rt_memmove
                0xffffffff80218e64      0x108 build\kernel\src\kservice.o
                0xffffffff80218e64                rt_memmove
 .text.rt_strncpy
                0xffffffff80218f6c       0xb8 build\kernel\src\kservice.o
                0xffffffff80218f6c                rt_strncpy
 .text.rt_strncmp
                0xffffffff80219024       0x90 build\kernel\src\kservice.o
                0xffffffff80219024                rt_strncmp
 .text.rt_strlen
                0xffffffff802190b4       0x4c build\kernel\src\kservice.o
                0xffffffff802190b4                rt_strlen
 .text.rt_strdup
                0xffffffff80219100       0x70 build\kernel\src\kservice.o
                0xffffffff80219100                rt_strdup
 .text.rt_show_version
                0xffffffff80219170       0xbc build\kernel\src\kservice.o
                0xffffffff80219170                rt_show_version
 .text.divide   0xffffffff8021922c       0xf0 build\kernel\src\kservice.o
 .text.skip_atoi
                0xffffffff8021931c       0xa0 build\kernel\src\kservice.o
 .text.print_number
                0xffffffff802193bc      0x464 build\kernel\src\kservice.o
 .text.rt_vsnprintf
                0xffffffff80219820      0x8e4 build\kernel\src\kservice.o
                0xffffffff80219820                rt_vsnprintf
 .text.rt_snprintf
                0xffffffff8021a104       0x68 build\kernel\src\kservice.o
                0xffffffff8021a104                rt_snprintf
 .text.rt_vsprintf
                0xffffffff8021a16c       0x3c build\kernel\src\kservice.o
                0xffffffff8021a16c                rt_vsprintf
 .text.rt_sprintf
                0xffffffff8021a1a8       0x64 build\kernel\src\kservice.o
                0xffffffff8021a1a8                rt_sprintf
 .text.rt_console_get_device
                0xffffffff8021a20c       0x20 build\kernel\src\kservice.o
                0xffffffff8021a20c                rt_console_get_device
 .text.rt_console_set_device
                0xffffffff8021a22c       0xc8 build\kernel\src\kservice.o
                0xffffffff8021a22c                rt_console_set_device
 .text.rt_hw_console_output
                0xffffffff8021a2f4       0x14 build\kernel\src\kservice.o
                0xffffffff8021a2f4                rt_hw_console_output
 .text.rt_kprintf
                0xffffffff8021a308      0x19c build\kernel\src\kservice.o
                0xffffffff8021a308                rt_kprintf
 .text.__rt_ffs
                0xffffffff8021a4a4      0x1b8 build\kernel\src\kservice.o
                0xffffffff8021a4a4                __rt_ffs
 .text.rt_assert_handler
                0xffffffff8021a65c       0xbc build\kernel\src\kservice.o
                0xffffffff8021a65c                rt_assert_handler
 .text.plug_holes
                0xffffffff8021a718      0x314 build\kernel\src\mem.o
 .text.rt_system_heap_init
                0xffffffff8021aa2c      0x33c build\kernel\src\mem.o
                0xffffffff8021aa2c                rt_system_heap_init
 .text.rt_malloc
                0xffffffff8021ad68      0x800 build\kernel\src\mem.o
                0xffffffff8021ad68                rt_malloc
 .text.rt_realloc
                0xffffffff8021b568      0x480 build\kernel\src\mem.o
                0xffffffff8021b568                rt_realloc
 .text.rt_calloc
                0xffffffff8021b9e8       0x6c build\kernel\src\mem.o
                0xffffffff8021b9e8                rt_calloc
 .text.rt_free  0xffffffff8021ba54      0x478 build\kernel\src\mem.o
                0xffffffff8021ba54                rt_free
 .text.list_mem
                0xffffffff8021becc       0xcc build\kernel\src\mem.o
                0xffffffff8021becc                list_mem
 .text.rt_list_insert_after
                0xffffffff8021bf98       0x50 build\kernel\src\object.o
 .text.rt_list_remove
                0xffffffff8021bfe8       0x58 build\kernel\src\object.o
 .text.rt_object_get_information
                0xffffffff8021c040       0xa8 build\kernel\src\object.o
                0xffffffff8021c040                rt_object_get_information
 .text.rt_object_init
                0xffffffff8021c0e8      0x1ec build\kernel\src\object.o
                0xffffffff8021c0e8                rt_object_init
 .text.rt_object_detach
                0xffffffff8021c2d4       0xe4 build\kernel\src\object.o
                0xffffffff8021c2d4                rt_object_detach
 .text.rt_object_allocate
                0xffffffff8021c3b8      0x224 build\kernel\src\object.o
                0xffffffff8021c3b8                rt_object_allocate
 .text.rt_object_delete
                0xffffffff8021c5dc      0x140 build\kernel\src\object.o
                0xffffffff8021c5dc                rt_object_delete
 .text.rt_object_is_systemobject
                0xffffffff8021c71c       0x88 build\kernel\src\object.o
                0xffffffff8021c71c                rt_object_is_systemobject
 .text.rt_object_get_type
                0xffffffff8021c7a4       0x74 build\kernel\src\object.o
                0xffffffff8021c7a4                rt_object_get_type
 .text.rt_list_init
                0xffffffff8021c818       0x30 build\kernel\src\scheduler.o
 .text.rt_list_insert_before
                0xffffffff8021c848       0x50 build\kernel\src\scheduler.o
 .text.rt_list_remove
                0xffffffff8021c898       0x58 build\kernel\src\scheduler.o
 .text.rt_list_isempty
                0xffffffff8021c8f0       0x2c build\kernel\src\scheduler.o
 .text._rt_scheduler_stack_check
                0xffffffff8021c91c      0x16c build\kernel\src\scheduler.o
 .text._get_highest_priority_thread
                0xffffffff8021ca88       0x8c build\kernel\src\scheduler.o
 .text.rt_system_scheduler_init
                0xffffffff8021cb14       0xb8 build\kernel\src\scheduler.o
                0xffffffff8021cb14                rt_system_scheduler_init
 .text.rt_system_scheduler_start
                0xffffffff8021cbcc       0x6c build\kernel\src\scheduler.o
                0xffffffff8021cbcc                rt_system_scheduler_start
 .text.rt_schedule
                0xffffffff8021cc38      0x420 build\kernel\src\scheduler.o
                0xffffffff8021cc38                rt_schedule
 .text.rt_schedule_insert_thread
                0xffffffff8021d058      0x194 build\kernel\src\scheduler.o
                0xffffffff8021d058                rt_schedule_insert_thread
 .text.rt_schedule_remove_thread
                0xffffffff8021d1ec      0x12c build\kernel\src\scheduler.o
                0xffffffff8021d1ec                rt_schedule_remove_thread
 .text.rt_enter_critical
                0xffffffff8021d318       0x70 build\kernel\src\scheduler.o
                0xffffffff8021d318                rt_enter_critical
 .text.rt_exit_critical
                0xffffffff8021d388       0xe4 build\kernel\src\scheduler.o
                0xffffffff8021d388                rt_exit_critical
 .text.rt_list_init
                0xffffffff8021d46c       0x30 build\kernel\src\thread.o
 .text.rt_list_insert_after
                0xffffffff8021d49c       0x50 build\kernel\src\thread.o
 .text.rt_list_remove
                0xffffffff8021d4ec       0x58 build\kernel\src\thread.o
 .text.rt_thread_exit
                0xffffffff8021d544       0xe4 build\kernel\src\thread.o
                0xffffffff8021d544                rt_thread_exit
 .text._rt_thread_init
                0xffffffff8021d628      0x244 build\kernel\src\thread.o
 .text.rt_thread_init
                0xffffffff8021d86c      0x128 build\kernel\src\thread.o
                0xffffffff8021d86c                rt_thread_init
 .text.rt_thread_self
                0xffffffff8021d994       0x20 build\kernel\src\thread.o
                0xffffffff8021d994                rt_thread_self
 .text.rt_thread_startup
                0xffffffff8021d9b4      0x190 build\kernel\src\thread.o
                0xffffffff8021d9b4                rt_thread_startup
 .text.rt_thread_create
                0xffffffff8021db44       0xe4 build\kernel\src\thread.o
                0xffffffff8021db44                rt_thread_create
 .text.rt_thread_delete
                0xffffffff8021dc28      0x1d8 build\kernel\src\thread.o
                0xffffffff8021dc28                rt_thread_delete
 .text.rt_thread_yield
                0xffffffff8021de00       0x24 build\kernel\src\thread.o
                0xffffffff8021de00                rt_thread_yield
 .text.rt_thread_sleep
                0xffffffff8021de24      0x158 build\kernel\src\thread.o
                0xffffffff8021de24                rt_thread_sleep
 .text.rt_thread_mdelay
                0xffffffff8021df7c       0x48 build\kernel\src\thread.o
                0xffffffff8021df7c                rt_thread_mdelay
 .text.rt_thread_control
                0xffffffff8021dfc4      0x20c build\kernel\src\thread.o
                0xffffffff8021dfc4                rt_thread_control
 .text.rt_thread_suspend
                0xffffffff8021e1d0      0x208 build\kernel\src\thread.o
                0xffffffff8021e1d0                rt_thread_suspend
 .text.rt_thread_resume
                0xffffffff8021e3d8      0x18c build\kernel\src\thread.o
                0xffffffff8021e3d8                rt_thread_resume
 .text.rt_thread_timeout
                0xffffffff8021e564      0x15c build\kernel\src\thread.o
                0xffffffff8021e564                rt_thread_timeout
 .text.rt_list_init
                0xffffffff8021e6c0       0x30 build\kernel\src\timer.o
 .text.rt_list_insert_after
                0xffffffff8021e6f0       0x50 build\kernel\src\timer.o
 .text.rt_list_remove
                0xffffffff8021e740       0x58 build\kernel\src\timer.o
 .text.rt_list_isempty
                0xffffffff8021e798       0x2c build\kernel\src\timer.o
 .text._rt_timer_init
                0xffffffff8021e7c4       0xd4 build\kernel\src\timer.o
 .text._rt_timer_remove
                0xffffffff8021e898       0x60 build\kernel\src\timer.o
 .text.rt_timer_init
                0xffffffff8021e8f8       0xc0 build\kernel\src\timer.o
                0xffffffff8021e8f8                rt_timer_init
 .text.rt_timer_detach
                0xffffffff8021e9b8      0x150 build\kernel\src\timer.o
                0xffffffff8021e9b8                rt_timer_detach
 .text.rt_timer_start
                0xffffffff8021eb08      0x48c build\kernel\src\timer.o
                0xffffffff8021eb08                rt_timer_start
 .text.rt_timer_stop
                0xffffffff8021ef94      0x184 build\kernel\src\timer.o
                0xffffffff8021ef94                rt_timer_stop
 .text.rt_timer_control
                0xffffffff8021f118      0x1d4 build\kernel\src\timer.o
                0xffffffff8021f118                rt_timer_control
 .text.rt_timer_check
                0xffffffff8021f2ec      0x220 build\kernel\src\timer.o
                0xffffffff8021f2ec                rt_timer_check
 .text.rt_system_timer_init
                0xffffffff8021f50c       0x6c build\kernel\src\timer.o
                0xffffffff8021f50c                rt_system_timer_init
 .text.rt_system_timer_thread_init
                0xffffffff8021f578        0x8 build\kernel\src\timer.o
                0xffffffff8021f578                rt_system_timer_thread_init
 .text.set_c0_status
                0xffffffff8021f580       0x48 build\kernel\libcpu\mips\common\exception.o
 .text.clear_c0_status
                0xffffffff8021f5c8       0x54 build\kernel\libcpu\mips\common\exception.o
 .text.rt_hw_interrupt_disable
                0xffffffff8021f61c       0x38 build\kernel\libcpu\mips\common\exception.o
                0xffffffff8021f61c                rt_hw_interrupt_disable
 .text.rt_hw_interrupt_enable
                0xffffffff8021f654       0x1c build\kernel\libcpu\mips\common\exception.o
                0xffffffff8021f654                rt_hw_interrupt_enable
 .text.mips_dump_regs
                0xffffffff8021f670       0xe4 build\kernel\libcpu\mips\common\exception.o
                0xffffffff8021f670                mips_dump_regs
 .text.cache_error_handler
                0xffffffff8021f754       0x50 build\kernel\libcpu\mips\common\exception.o
                0xffffffff8021f754                cache_error_handler
 .text.unhandled_exception_handle
                0xffffffff8021f7a4       0xc8 build\kernel\libcpu\mips\common\exception.o
 .text.install_default_exception_handler
                0xffffffff8021f86c       0x78 build\kernel\libcpu\mips\common\exception.o
 .text.rt_hw_exception_init
                0xffffffff8021f8e4       0x84 build\kernel\libcpu\mips\common\exception.o
                0xffffffff8021f8e4                rt_hw_exception_init
 .text.rt_general_exc_dispatch
                0xffffffff8021f968      0x1c0 build\kernel\libcpu\mips\common\exception.o
                0xffffffff8021f968                rt_general_exc_dispatch
 .text.mips_unmask_cpu_irq
                0xffffffff8021fb28       0x54 build\kernel\libcpu\mips\common\exception.o
                0xffffffff8021fb28                mips_unmask_cpu_irq
 .text.rt_hw_stack_init
                0xffffffff8021fb7c      0x11c build\kernel\libcpu\mips\common\stack.o
                0xffffffff8021fb7c                rt_hw_stack_init
 .text.dfs_init
                0xffffffff8021fc98      0x1c8 build\kernel\components\dfs\src\dfs.o
                0xffffffff8021fc98                dfs_init
 .text.dfs_lock
                0xffffffff8021fe60       0xa8 build\kernel\components\dfs\src\dfs.o
                0xffffffff8021fe60                dfs_lock
 .text.dfs_unlock
                0xffffffff8021ff08       0x38 build\kernel\components\dfs\src\dfs.o
                0xffffffff8021ff08                dfs_unlock
 .text.fd_alloc
                0xffffffff8021ff40      0x248 build\kernel\components\dfs\src\dfs.o
 .text.fd_new   0xffffffff80220188      0x108 build\kernel\components\dfs\src\dfs.o
                0xffffffff80220188                fd_new
 .text.fd_get   0xffffffff80220290      0x11c build\kernel\components\dfs\src\dfs.o
                0xffffffff80220290                fd_get
 .text.fd_put   0xffffffff802203ac      0x134 build\kernel\components\dfs\src\dfs.o
                0xffffffff802203ac                fd_put
 .text.fd_is_open
                0xffffffff802204e0      0x1d4 build\kernel\components\dfs\src\dfs.o
                0xffffffff802204e0                fd_is_open
 .text.dfs_subdir
                0xffffffff802206b4       0xa8 build\kernel\components\dfs\src\dfs.o
                0xffffffff802206b4                dfs_subdir
 .text.dfs_normalize_path
                0xffffffff8022075c      0x49c build\kernel\components\dfs\src\dfs.o
                0xffffffff8022075c                dfs_normalize_path
 .text.dfs_fdtable_get
                0xffffffff80220bf8       0x30 build\kernel\components\dfs\src\dfs.o
                0xffffffff80220bf8                dfs_fdtable_get
 .text.list_fd  0xffffffff80220c28      0x374 build\kernel\components\dfs\src\dfs.o
                0xffffffff80220c28                list_fd
 .text.dfs_file_open
                0xffffffff80220f9c      0x2b0 build\kernel\components\dfs\src\dfs_file.o
                0xffffffff80220f9c                dfs_file_open
 .text.dfs_file_close
                0xffffffff8022124c       0xa0 build\kernel\components\dfs\src\dfs_file.o
                0xffffffff8022124c                dfs_file_close
 .text.dfs_file_read
                0xffffffff802212ec       0xb4 build\kernel\components\dfs\src\dfs_file.o
                0xffffffff802212ec                dfs_file_read
 .text.dfs_file_getdents
                0xffffffff802213a0       0x94 build\kernel\components\dfs\src\dfs_file.o
                0xffffffff802213a0                dfs_file_getdents
 .text.dfs_file_unlink
                0xffffffff80221434      0x1b0 build\kernel\components\dfs\src\dfs_file.o
                0xffffffff80221434                dfs_file_unlink
 .text.dfs_file_write
                0xffffffff802215e4       0x7c build\kernel\components\dfs\src\dfs_file.o
                0xffffffff802215e4                dfs_file_write
 .text.dfs_file_lseek
                0xffffffff80221660       0x94 build\kernel\components\dfs\src\dfs_file.o
                0xffffffff80221660                dfs_file_lseek
 .text.dfs_file_stat
                0xffffffff802216f4      0x2b0 build\kernel\components\dfs\src\dfs_file.o
                0xffffffff802216f4                dfs_file_stat
 .text.dfs_file_rename
                0xffffffff802219a4      0x1c0 build\kernel\components\dfs\src\dfs_file.o
                0xffffffff802219a4                dfs_file_rename
 .text.ls       0xffffffff80221b64      0x31c build\kernel\components\dfs\src\dfs_file.o
                0xffffffff80221b64                ls
 .text.rm       0xffffffff80221e80       0x54 build\kernel\components\dfs\src\dfs_file.o
                0xffffffff80221e80                rm
 .text.cat      0xffffffff80221ed4      0x120 build\kernel\components\dfs\src\dfs_file.o
                0xffffffff80221ed4                cat
 .text.copyfile
                0xffffffff80221ff4      0x214 build\kernel\components\dfs\src\dfs_file.o
 .text.copydir  0xffffffff80222208      0x2c4 build\kernel\components\dfs\src\dfs_file.o
 .text._get_path_lastname
                0xffffffff802224cc       0x58 build\kernel\components\dfs\src\dfs_file.o
 .text.copy     0xffffffff80222524      0x308 build\kernel\components\dfs\src\dfs_file.o
                0xffffffff80222524                copy
 .text.dfs_register
                0xffffffff8022282c      0x1b0 build\kernel\components\dfs\src\dfs_fs.o
                0xffffffff8022282c                dfs_register
 .text.dfs_filesystem_lookup
                0xffffffff802229dc      0x1c0 build\kernel\components\dfs\src\dfs_fs.o
                0xffffffff802229dc                dfs_filesystem_lookup
 .text.dfs_mount
                0xffffffff80222b9c      0x4f8 build\kernel\components\dfs\src\dfs_fs.o
                0xffffffff80222b9c                dfs_mount
 .text.dfs_mkfs
                0xffffffff80223094      0x2c8 build\kernel\components\dfs\src\dfs_fs.o
                0xffffffff80223094                dfs_mkfs
 .text.dfs_statfs
                0xffffffff8022335c       0x78 build\kernel\components\dfs\src\dfs_fs.o
                0xffffffff8022335c                dfs_statfs
 .text.mkfs     0xffffffff802233d4       0x30 build\kernel\components\dfs\src\dfs_fs.o
                0xffffffff802233d4                mkfs
 .text.df       0xffffffff80223404      0x1dc build\kernel\components\dfs\src\dfs_fs.o
                0xffffffff80223404                df
 .text.open     0xffffffff802235e0       0xf0 build\kernel\components\dfs\src\dfs_posix.o
                0xffffffff802235e0                open
 .text.close    0xffffffff802236d0       0xb0 build\kernel\components\dfs\src\dfs_posix.o
                0xffffffff802236d0                close
 .text.read     0xffffffff80223780       0xc0 build\kernel\components\dfs\src\dfs_posix.o
                0xffffffff80223780                read
 .text.write    0xffffffff80223840       0xc0 build\kernel\components\dfs\src\dfs_posix.o
                0xffffffff80223840                write
 .text.lseek    0xffffffff80223900      0x180 build\kernel\components\dfs\src\dfs_posix.o
                0xffffffff80223900                lseek
 .text.rename   0xffffffff80223a80       0x60 build\kernel\components\dfs\src\dfs_posix.o
                0xffffffff80223a80                rename
 .text.unlink   0xffffffff80223ae0       0x58 build\kernel\components\dfs\src\dfs_posix.o
                0xffffffff80223ae0                unlink
 .text.mkdir    0xffffffff80223b38       0xf4 build\kernel\components\dfs\src\dfs_posix.o
                0xffffffff80223b38                mkdir
 .text.opendir  0xffffffff80223c2c      0x12c build\kernel\components\dfs\src\dfs_posix.o
                0xffffffff80223c2c                opendir
 .text.readdir  0xffffffff80223d58      0x164 build\kernel\components\dfs\src\dfs_posix.o
                0xffffffff80223d58                readdir
 .text.rewinddir
                0xffffffff80223ebc       0x90 build\kernel\components\dfs\src\dfs_posix.o
                0xffffffff80223ebc                rewinddir
 .text.closedir
                0xffffffff80223f4c       0xb8 build\kernel\components\dfs\src\dfs_posix.o
                0xffffffff80223f4c                closedir
 .text.chdir    0xffffffff80224004      0x174 build\kernel\components\dfs\src\dfs_posix.o
                0xffffffff80224004                chdir
 .text.getcwd   0xffffffff80224178       0x5c build\kernel\components\dfs\src\dfs_posix.o
                0xffffffff80224178                getcwd
 .text.dfs_device_fs_mount
                0xffffffff802241d4       0x20 build\kernel\components\dfs\filesystems\devfs\devfs.o
                0xffffffff802241d4                dfs_device_fs_mount
 .text.dfs_device_fs_ioctl
                0xffffffff802241f4      0x100 build\kernel\components\dfs\filesystems\devfs\devfs.o
                0xffffffff802241f4                dfs_device_fs_ioctl
 .text.dfs_device_fs_read
                0xffffffff802242f4      0x100 build\kernel\components\dfs\filesystems\devfs\devfs.o
                0xffffffff802242f4                dfs_device_fs_read
 .text.dfs_device_fs_write
                0xffffffff802243f4      0x100 build\kernel\components\dfs\filesystems\devfs\devfs.o
                0xffffffff802243f4                dfs_device_fs_write
 .text.dfs_device_fs_close
                0xffffffff802244f4      0x16c build\kernel\components\dfs\filesystems\devfs\devfs.o
                0xffffffff802244f4                dfs_device_fs_close
 .text.dfs_device_fs_open
                0xffffffff80224660      0x2f8 build\kernel\components\dfs\filesystems\devfs\devfs.o
                0xffffffff80224660                dfs_device_fs_open
 .text.dfs_device_fs_stat
                0xffffffff80224958      0x1d4 build\kernel\components\dfs\filesystems\devfs\devfs.o
                0xffffffff80224958                dfs_device_fs_stat
 .text.dfs_device_fs_getdents
                0xffffffff80224b2c      0x200 build\kernel\components\dfs\filesystems\devfs\devfs.o
                0xffffffff80224b2c                dfs_device_fs_getdents
 .text.dfs_device_fs_poll
                0xffffffff80224d2c       0x20 build\kernel\components\dfs\filesystems\devfs\devfs.o
 .text.devfs_init
                0xffffffff80224d4c       0x3c build\kernel\components\dfs\filesystems\devfs\devfs.o
                0xffffffff80224d4c                devfs_init
 .text._pin_read
                0xffffffff80224d88       0xdc build\kernel\components\drivers\misc\pin.o
 .text._pin_write
                0xffffffff80224e64       0xdc build\kernel\components\drivers\misc\pin.o
 .text._pin_control
                0xffffffff80224f40       0xd0 build\kernel\components\drivers\misc\pin.o
 .text.rt_device_pin_register
                0xffffffff80225010      0x1d8 build\kernel\components\drivers\misc\pin.o
                0xffffffff80225010                rt_device_pin_register
 .text.rt_pin_mode
                0xffffffff802251e8       0xc8 build\kernel\components\drivers\misc\pin.o
                0xffffffff802251e8                rt_pin_mode
 .text.rt_pin_write
                0xffffffff802252b0       0xc8 build\kernel\components\drivers\misc\pin.o
                0xffffffff802252b0                rt_pin_write
 .text.rt_pin_read
                0xffffffff80225378       0xc0 build\kernel\components\drivers\misc\pin.o
                0xffffffff80225378                rt_pin_read
 .text._pwm_control
                0xffffffff80225438       0x78 build\kernel\components\drivers\misc\rt_drv_pwm.o
 .text._pwm_read
                0xffffffff802254b0       0xb0 build\kernel\components\drivers\misc\rt_drv_pwm.o
 .text._pwm_write
                0xffffffff80225560       0xf0 build\kernel\components\drivers\misc\rt_drv_pwm.o
 .text.rt_device_pwm_register
                0xffffffff80225650       0xfc build\kernel\components\drivers\misc\rt_drv_pwm.o
                0xffffffff80225650                rt_device_pwm_register
 .text.rt_pwm_enable
                0xffffffff8022574c       0x78 build\kernel\components\drivers\misc\rt_drv_pwm.o
                0xffffffff8022574c                rt_pwm_enable
 .text.rt_pwm_disable
                0xffffffff802257c4       0x78 build\kernel\components\drivers\misc\rt_drv_pwm.o
                0xffffffff802257c4                rt_pwm_disable
 .text.rt_pwm_set
                0xffffffff8022583c       0xa0 build\kernel\components\drivers\misc\rt_drv_pwm.o
                0xffffffff8022583c                rt_pwm_set
 .text.pwm_enable
                0xffffffff802258dc       0xd8 build\kernel\components\drivers\misc\rt_drv_pwm.o
 .text.pwm_disable
                0xffffffff802259b4       0xd8 build\kernel\components\drivers\misc\rt_drv_pwm.o
 .text.pwm_set  0xffffffff80225a8c      0x128 build\kernel\components\drivers\misc\rt_drv_pwm.o
 .text.rt_poll_add
                0xffffffff80225bb4       0x60 build\kernel\components\drivers\serial\serial.o
 .text.serial_fops_rx_ind
                0xffffffff80225c14       0x3c build\kernel\components\drivers\serial\serial.o
 .text.serial_fops_open
                0xffffffff80225c50      0x1d0 build\kernel\components\drivers\serial\serial.o
 .text.serial_fops_close
                0xffffffff80225e20       0x48 build\kernel\components\drivers\serial\serial.o
 .text.serial_fops_ioctl
                0xffffffff80225e68       0x58 build\kernel\components\drivers\serial\serial.o
 .text.serial_fops_read
                0xffffffff80225ec0       0xb4 build\kernel\components\drivers\serial\serial.o
 .text.serial_fops_write
                0xffffffff80225f74       0x4c build\kernel\components\drivers\serial\serial.o
 .text.serial_fops_poll
                0xffffffff80225fc0      0x148 build\kernel\components\drivers\serial\serial.o
 .text._serial_poll_rx
                0xffffffff80226108      0x110 build\kernel\components\drivers\serial\serial.o
 .text._serial_poll_tx
                0xffffffff80226218      0x12c build\kernel\components\drivers\serial\serial.o
 .text._serial_int_rx
                0xffffffff80226344      0x1e8 build\kernel\components\drivers\serial\serial.o
 .text._serial_int_tx
                0xffffffff8022652c      0x158 build\kernel\components\drivers\serial\serial.o
 .text._serial_check_buffer_size
                0xffffffff80226684       0xb4 build\kernel\components\drivers\serial\serial.o
 .text._serial_fifo_calc_recved_len
                0xffffffff80226738      0x134 build\kernel\components\drivers\serial\serial.o
 .text.rt_dma_calc_recved_len
                0xffffffff8022686c       0x28 build\kernel\components\drivers\serial\serial.o
 .text.rt_dma_recv_update_get_index
                0xffffffff80226894      0x164 build\kernel\components\drivers\serial\serial.o
 .text.rt_dma_recv_update_put_index
                0xffffffff802269f8      0x1f4 build\kernel\components\drivers\serial\serial.o
 .text._serial_dma_rx
                0xffffffff80226bec      0x3a8 build\kernel\components\drivers\serial\serial.o
 .text._serial_dma_tx
                0xffffffff80226f94       0xfc build\kernel\components\drivers\serial\serial.o
 .text.rt_serial_init
                0xffffffff80227090       0xc0 build\kernel\components\drivers\serial\serial.o
 .text.rt_serial_open
                0xffffffff80227150      0x814 build\kernel\components\drivers\serial\serial.o
 .text.rt_serial_close
                0xffffffff80227964      0x494 build\kernel\components\drivers\serial\serial.o
 .text.rt_serial_read
                0xffffffff80227df8      0x130 build\kernel\components\drivers\serial\serial.o
 .text.rt_serial_write
                0xffffffff80227f28      0x130 build\kernel\components\drivers\serial\serial.o
 .text.rt_serial_control
                0xffffffff80228058      0x238 build\kernel\components\drivers\serial\serial.o
 .text.rt_hw_serial_register
                0xffffffff80228290      0x1a8 build\kernel\components\drivers\serial\serial.o
                0xffffffff80228290                rt_hw_serial_register
 .text.rt_hw_serial_isr
                0xffffffff80228438      0x538 build\kernel\components\drivers\serial\serial.o
                0xffffffff80228438                rt_hw_serial_isr
 .text.rt_list_init
                0xffffffff80228970       0x30 build\kernel\components\drivers\src\completion.o
 .text.rt_list_insert_before
                0xffffffff802289a0       0x50 build\kernel\components\drivers\src\completion.o
 .text.rt_list_isempty
                0xffffffff802289f0       0x2c build\kernel\components\drivers\src\completion.o
 .text.rt_completion_init
                0xffffffff80228a1c       0x98 build\kernel\components\drivers\src\completion.o
                0xffffffff80228a1c                rt_completion_init
 .text.rt_completion_wait
                0xffffffff80228ab4      0x268 build\kernel\components\drivers\src\completion.o
                0xffffffff80228ab4                rt_completion_wait
 .text.rt_completion_done
                0xffffffff80228d1c       0xf8 build\kernel\components\drivers\src\completion.o
                0xffffffff80228d1c                rt_completion_done
 .text.rt_list_init
                0xffffffff80228e14       0x30 build\kernel\components\drivers\src\dataqueue.o
 .text.rt_list_insert_before
                0xffffffff80228e44       0x50 build\kernel\components\drivers\src\dataqueue.o
 .text.rt_list_isempty
                0xffffffff80228e94       0x2c build\kernel\components\drivers\src\dataqueue.o
 .text.rt_data_queue_init
                0xffffffff80228ec0      0x12c build\kernel\components\drivers\src\dataqueue.o
                0xffffffff80228ec0                rt_data_queue_init
 .text.rt_data_queue_push
                0xffffffff80228fec      0x3c0 build\kernel\components\drivers\src\dataqueue.o
                0xffffffff80228fec                rt_data_queue_push
 .text.rt_data_queue_pop
                0xffffffff802293ac      0x4b4 build\kernel\components\drivers\src\dataqueue.o
                0xffffffff802293ac                rt_data_queue_pop
 .text.rt_data_queue_peak
                0xffffffff80229860      0x18c build\kernel\components\drivers\src\dataqueue.o
                0xffffffff80229860                rt_data_queue_peak
 .text.rt_data_queue_reset
                0xffffffff802299ec      0x160 build\kernel\components\drivers\src\dataqueue.o
                0xffffffff802299ec                rt_data_queue_reset
 .text.rt_data_queue_deinit
                0xffffffff80229b4c      0x100 build\kernel\components\drivers\src\dataqueue.o
                0xffffffff80229b4c                rt_data_queue_deinit
 .text.rt_list_init
                0xffffffff80229c4c       0x30 build\kernel\components\drivers\src\waitqueue.o
 .text.rt_list_insert_before
                0xffffffff80229c7c       0x50 build\kernel\components\drivers\src\waitqueue.o
 .text.rt_list_remove
                0xffffffff80229ccc       0x58 build\kernel\components\drivers\src\waitqueue.o
 .text.rt_list_isempty
                0xffffffff80229d24       0x2c build\kernel\components\drivers\src\waitqueue.o
 .text.rt_wqueue_add
                0xffffffff80229d50       0x58 build\kernel\components\drivers\src\waitqueue.o
                0xffffffff80229d50                rt_wqueue_add
 .text.rt_wqueue_remove
                0xffffffff80229da8       0x48 build\kernel\components\drivers\src\waitqueue.o
                0xffffffff80229da8                rt_wqueue_remove
 .text.__wqueue_default_wake
                0xffffffff80229df0       0x1c build\kernel\components\drivers\src\waitqueue.o
                0xffffffff80229df0                __wqueue_default_wake
 .text.rt_wqueue_wakeup
                0xffffffff80229e0c      0x108 build\kernel\components\drivers\src\waitqueue.o
                0xffffffff80229e0c                rt_wqueue_wakeup
 .text.rt_wqueue_wait
                0xffffffff80229f14      0x22c build\kernel\components\drivers\src\waitqueue.o
                0xffffffff80229f14                rt_wqueue_wait
 .text.finsh_get_prompt
                0xffffffff8022a140      0x25c build\kernel\components\finsh\shell.o
                0xffffffff8022a140                finsh_get_prompt
 .text.finsh_set_prompt_mode
                0xffffffff8022a39c       0xb4 build\kernel\components\finsh\shell.o
                0xffffffff8022a39c                finsh_set_prompt_mode
 .text.finsh_getchar
                0xffffffff8022a450       0xcc build\kernel\components\finsh\shell.o
 .text.shell_auto_complete
                0xffffffff8022a51c       0xa8 build\kernel\components\finsh\shell.o
 .text.finsh_run_line
                0xffffffff8022a5c4      0x1f8 build\kernel\components\finsh\shell.o
                0xffffffff8022a5c4                finsh_run_line
 .text.shell_handle_history
                0xffffffff8022a7bc       0x78 build\kernel\components\finsh\shell.o
 .text.shell_push_history
                0xffffffff8022a834      0x288 build\kernel\components\finsh\shell.o
 .text.finsh_thread_entry
                0xffffffff8022aabc     0x1248 build\kernel\components\finsh\shell.o
                0xffffffff8022aabc                finsh_thread_entry
 .text.finsh_system_function_init
                0xffffffff8022bd04       0x50 build\kernel\components\finsh\shell.o
                0xffffffff8022bd04                finsh_system_function_init
 .text.finsh_system_var_init
                0xffffffff8022bd54       0x50 build\kernel\components\finsh\shell.o
                0xffffffff8022bd54                finsh_system_var_init
 .text.finsh_system_init
                0xffffffff8022bda4      0x1c8 build\kernel\components\finsh\shell.o
                0xffffffff8022bda4                finsh_system_init
 .text.rt_list_isempty
                0xffffffff8022bf6c       0x2c build\kernel\components\finsh\cmd.o
 .text.rt_list_len
                0xffffffff8022bf98       0x58 build\kernel\components\finsh\cmd.o
 .text.hello    0xffffffff8022bff0       0x3c build\kernel\components\finsh\cmd.o
                0xffffffff8022bff0                hello
 .text.clear    0xffffffff8022c02c       0x3c build\kernel\components\finsh\cmd.o
 .text.version  0xffffffff8022c068       0x24 build\kernel\components\finsh\cmd.o
                0xffffffff8022c068                version
 .text.object_split
                0xffffffff8022c08c       0x60 build\kernel\components\finsh\cmd.o
 .text.list_find_init
                0xffffffff8022c0ec       0x90 build\kernel\components\finsh\cmd.o
 .text.list_get_next
                0xffffffff8022c17c      0x19c build\kernel\components\finsh\cmd.o
 .text.list_thread
                0xffffffff8022c318      0x3ec build\kernel\components\finsh\cmd.o
                0xffffffff8022c318                list_thread
 .text.show_wait_queue
                0xffffffff8022c704       0xb4 build\kernel\components\finsh\cmd.o
 .text.list_sem
                0xffffffff8022c7b8      0x2b0 build\kernel\components\finsh\cmd.o
                0xffffffff8022c7b8                list_sem
 .text.list_event
                0xffffffff8022ca68      0x288 build\kernel\components\finsh\cmd.o
                0xffffffff8022ca68                list_event
 .text.list_mutex
                0xffffffff8022ccf0      0x218 build\kernel\components\finsh\cmd.o
                0xffffffff8022ccf0                list_mutex
 .text.list_mailbox
                0xffffffff8022cf08      0x2d8 build\kernel\components\finsh\cmd.o
                0xffffffff8022cf08                list_mailbox
 .text.list_msgqueue
                0xffffffff8022d1e0      0x2b0 build\kernel\components\finsh\cmd.o
                0xffffffff8022d1e0                list_msgqueue
 .text.list_mempool
                0xffffffff8022d490      0x2b4 build\kernel\components\finsh\cmd.o
                0xffffffff8022d490                list_mempool
 .text.list_timer
                0xffffffff8022d744      0x26c build\kernel\components\finsh\cmd.o
                0xffffffff8022d744                list_timer
 .text.list_device
                0xffffffff8022d9b0      0x230 build\kernel\components\finsh\cmd.o
                0xffffffff8022d9b0                list_device
 .text.list     0xffffffff8022dbe0      0x284 build\kernel\components\finsh\cmd.o
                0xffffffff8022dbe0                list
 .text.str_is_prefix
                0xffffffff8022de64       0x80 build\kernel\components\finsh\cmd.o
 .text.str_common
                0xffffffff8022dee4       0x88 build\kernel\components\finsh\cmd.o
 .text.list_prefix
                0xffffffff8022df6c      0x5c8 build\kernel\components\finsh\cmd.o
                0xffffffff8022df6c                list_prefix
 .text.msh_is_used
                0xffffffff8022e534       0x20 build\kernel\components\finsh\msh.o
                0xffffffff8022e534                msh_is_used
 .text.msh_exit
                0xffffffff8022e554       0x3c build\kernel\components\finsh\msh.o
 .text.msh_enter
                0xffffffff8022e590       0x28 build\kernel\components\finsh\msh.o
 .text.msh_help
                0xffffffff8022e5b8      0x13c build\kernel\components\finsh\msh.o
                0xffffffff8022e5b8                msh_help
 .text.cmd_ps   0xffffffff8022e6f4       0x34 build\kernel\components\finsh\msh.o
                0xffffffff8022e6f4                cmd_ps
 .text.cmd_free
                0xffffffff8022e728       0x34 build\kernel\components\finsh\msh.o
                0xffffffff8022e728                cmd_free
 .text.msh_split
                0xffffffff8022e75c      0x34c build\kernel\components\finsh\msh.o
 .text.msh_get_cmd
                0xffffffff8022eaa8      0x128 build\kernel\components\finsh\msh.o
 .text._msh_exec_cmd
                0xffffffff8022ebd0      0x1d4 build\kernel\components\finsh\msh.o
 .text.msh_exec
                0xffffffff8022eda4      0x144 build\kernel\components\finsh\msh.o
                0xffffffff8022eda4                msh_exec
 .text.str_common
                0xffffffff8022eee8       0x88 build\kernel\components\finsh\msh.o
 .text.msh_auto_complete_path
                0xffffffff8022ef70      0x46c build\kernel\components\finsh\msh.o
                0xffffffff8022ef70                msh_auto_complete_path
 .text.msh_auto_complete
                0xffffffff8022f3dc      0x22c build\kernel\components\finsh\msh.o
                0xffffffff8022f3dc                msh_auto_complete
 .text.msh_readline
                0xffffffff8022f608      0x174 build\kernel\components\finsh\msh_file.o
 .text.msh_exec_script
                0xffffffff8022f77c      0x31c build\kernel\components\finsh\msh_file.o
                0xffffffff8022f77c                msh_exec_script
 .text.cmd_ls   0xffffffff8022fa98       0x7c build\kernel\components\finsh\msh_file.o
                0xffffffff8022fa98                cmd_ls
 .text.cmd_cp   0xffffffff8022fb14       0xac build\kernel\components\finsh\msh_file.o
                0xffffffff8022fb14                cmd_cp
 .text.cmd_mv   0xffffffff8022fbc0      0x2bc build\kernel\components\finsh\msh_file.o
                0xffffffff8022fbc0                cmd_mv
 .text.cmd_cat  0xffffffff8022fe7c       0xd8 build\kernel\components\finsh\msh_file.o
                0xffffffff8022fe7c                cmd_cat
 .text.cmd_rm   0xffffffff8022ff54       0xd8 build\kernel\components\finsh\msh_file.o
                0xffffffff8022ff54                cmd_rm
 .text.cmd_cd   0xffffffff8023002c       0xdc build\kernel\components\finsh\msh_file.o
                0xffffffff8023002c                cmd_cd
 .text.cmd_pwd  0xffffffff80230108       0x64 build\kernel\components\finsh\msh_file.o
                0xffffffff80230108                cmd_pwd
 .text.cmd_mkdir
                0xffffffff8023016c       0xa0 build\kernel\components\finsh\msh_file.o
                0xffffffff8023016c                cmd_mkdir
 .text.cmd_mkfs
                0xffffffff8023020c      0x160 build\kernel\components\finsh\msh_file.o
                0xffffffff8023020c                cmd_mkfs
 .text.cmd_df   0xffffffff8023036c      0x114 build\kernel\components\finsh\msh_file.o
                0xffffffff8023036c                cmd_df
 .text.cmd_echo
                0xffffffff80230480      0x16c build\kernel\components\finsh\msh_file.o
                0xffffffff80230480                cmd_echo
 .text.finsh_compile
                0xffffffff802305ec     0x5ad0 build\kernel\components\finsh\finsh_compiler.o
 .text.finsh_type_check
                0xffffffff802360bc      0x404 build\kernel\components\finsh\finsh_compiler.o
 .text.finsh_compiler_run
                0xffffffff802364c0      0x184 build\kernel\components\finsh\finsh_compiler.o
                0xffffffff802364c0                finsh_compiler_run
 .text.finsh_error_init
                0xffffffff80236644       0x24 build\kernel\components\finsh\finsh_error.o
                0xffffffff80236644                finsh_error_init
 .text.finsh_error_set
                0xffffffff80236668       0x3c build\kernel\components\finsh\finsh_error.o
                0xffffffff80236668                finsh_error_set
 .text.finsh_errno
                0xffffffff802366a4       0x20 build\kernel\components\finsh\finsh_error.o
                0xffffffff802366a4                finsh_errno
 .text.finsh_error_string
                0xffffffff802366c4       0x4c build\kernel\components\finsh\finsh_error.o
                0xffffffff802366c4                finsh_error_string
 .text.finsh_heap_init
                0xffffffff80236710       0xc8 build\kernel\components\finsh\finsh_heap.o
                0xffffffff80236710                finsh_heap_init
 .text.finsh_heap_allocate
                0xffffffff802367d8      0x198 build\kernel\components\finsh\finsh_heap.o
                0xffffffff802367d8                finsh_heap_allocate
 .text.finsh_heap_free
                0xffffffff80236970       0x94 build\kernel\components\finsh\finsh_heap.o
                0xffffffff80236970                finsh_heap_free
 .text.finsh_heap_gc
                0xffffffff80236a04      0x124 build\kernel\components\finsh\finsh_heap.o
 .text.finsh_block_insert
                0xffffffff80236b28      0x10c build\kernel\components\finsh\finsh_heap.o
 .text.finsh_block_remove
                0xffffffff80236c34       0xac build\kernel\components\finsh\finsh_heap.o
 .text.finsh_block_split
                0xffffffff80236ce0       0x80 build\kernel\components\finsh\finsh_heap.o
 .text.finsh_block_merge
                0xffffffff80236d60      0x200 build\kernel\components\finsh\finsh_heap.o
 .text.finsh_init
                0xffffffff80236f60       0x4c build\kernel\components\finsh\finsh_init.o
                0xffffffff80236f60                finsh_init
 .text.finsh_stack_bottom
                0xffffffff80236fac       0x20 build\kernel\components\finsh\finsh_init.o
                0xffffffff80236fac                finsh_stack_bottom
 .text.finsh_flush
                0xffffffff80236fcc       0x3c build\kernel\components\finsh\finsh_init.o
                0xffffffff80236fcc                finsh_flush
 .text.finsh_node_init
                0xffffffff80237008       0x44 build\kernel\components\finsh\finsh_node.o
                0xffffffff80237008                finsh_node_init
 .text.finsh_node_allocate
                0xffffffff8023704c      0x100 build\kernel\components\finsh\finsh_node.o
                0xffffffff8023704c                finsh_node_allocate
 .text.finsh_node_new_id
                0xffffffff8023714c      0x168 build\kernel\components\finsh\finsh_node.o
                0xffffffff8023714c                finsh_node_new_id
 .text.finsh_node_new_char
                0xffffffff802372b4       0x68 build\kernel\components\finsh\finsh_node.o
                0xffffffff802372b4                finsh_node_new_char
 .text.finsh_node_new_int
                0xffffffff8023731c       0x68 build\kernel\components\finsh\finsh_node.o
                0xffffffff8023731c                finsh_node_new_int
 .text.finsh_node_new_long
                0xffffffff80237384       0x60 build\kernel\components\finsh\finsh_node.o
                0xffffffff80237384                finsh_node_new_long
 .text.finsh_node_new_string
                0xffffffff802373e4       0xc8 build\kernel\components\finsh\finsh_node.o
                0xffffffff802373e4                finsh_node_new_string
 .text.finsh_node_new_ptr
                0xffffffff802374ac       0x60 build\kernel\components\finsh\finsh_node.o
                0xffffffff802374ac                finsh_node_new_ptr
 .text.OP_no_op
                0xffffffff8023750c        0xc build\kernel\components\finsh\finsh_ops.o
                0xffffffff8023750c                OP_no_op
 .text.OP_add_byte
                0xffffffff80237518       0xa8 build\kernel\components\finsh\finsh_ops.o
                0xffffffff80237518                OP_add_byte
 .text.OP_add_word
                0xffffffff802375c0       0xb4 build\kernel\components\finsh\finsh_ops.o
                0xffffffff802375c0                OP_add_word
 .text.OP_add_dword
                0xffffffff80237674       0xa4 build\kernel\components\finsh\finsh_ops.o
                0xffffffff80237674                OP_add_dword
 .text.OP_sub_byte
                0xffffffff80237718       0xa8 build\kernel\components\finsh\finsh_ops.o
                0xffffffff80237718                OP_sub_byte
 .text.OP_sub_word
                0xffffffff802377c0       0xb4 build\kernel\components\finsh\finsh_ops.o
                0xffffffff802377c0                OP_sub_word
 .text.OP_sub_dword
                0xffffffff80237874       0xa4 build\kernel\components\finsh\finsh_ops.o
                0xffffffff80237874                OP_sub_dword
 .text.OP_div_byte
                0xffffffff80237918       0xb4 build\kernel\components\finsh\finsh_ops.o
                0xffffffff80237918                OP_div_byte
 .text.OP_div_word
                0xffffffff802379cc       0xbc build\kernel\components\finsh\finsh_ops.o
                0xffffffff802379cc                OP_div_word
 .text.OP_div_dword
                0xffffffff80237a88       0xb0 build\kernel\components\finsh\finsh_ops.o
                0xffffffff80237a88                OP_div_dword
 .text.OP_mod_byte
                0xffffffff80237b38       0xb0 build\kernel\components\finsh\finsh_ops.o
                0xffffffff80237b38                OP_mod_byte
 .text.OP_mod_word
                0xffffffff80237be8       0xc0 build\kernel\components\finsh\finsh_ops.o
                0xffffffff80237be8                OP_mod_word
 .text.OP_mod_dword
                0xffffffff80237ca8       0xac build\kernel\components\finsh\finsh_ops.o
                0xffffffff80237ca8                OP_mod_dword
 .text.OP_mul_byte
                0xffffffff80237d54       0xa8 build\kernel\components\finsh\finsh_ops.o
                0xffffffff80237d54                OP_mul_byte
 .text.OP_mul_word
                0xffffffff80237dfc       0xb4 build\kernel\components\finsh\finsh_ops.o
                0xffffffff80237dfc                OP_mul_word
 .text.OP_mul_dword
                0xffffffff80237eb0       0xa8 build\kernel\components\finsh\finsh_ops.o
                0xffffffff80237eb0                OP_mul_dword
 .text.OP_and_byte
                0xffffffff80237f58       0xa8 build\kernel\components\finsh\finsh_ops.o
                0xffffffff80237f58                OP_and_byte
 .text.OP_and_word
                0xffffffff80238000       0xa8 build\kernel\components\finsh\finsh_ops.o
                0xffffffff80238000                OP_and_word
 .text.OP_and_dword
                0xffffffff802380a8       0xa4 build\kernel\components\finsh\finsh_ops.o
                0xffffffff802380a8                OP_and_dword
 .text.OP_or_byte
                0xffffffff8023814c       0xa8 build\kernel\components\finsh\finsh_ops.o
                0xffffffff8023814c                OP_or_byte
 .text.OP_or_word
                0xffffffff802381f4       0xa8 build\kernel\components\finsh\finsh_ops.o
                0xffffffff802381f4                OP_or_word
 .text.OP_or_dword
                0xffffffff8023829c       0xa4 build\kernel\components\finsh\finsh_ops.o
                0xffffffff8023829c                OP_or_dword
 .text.OP_xor_byte
                0xffffffff80238340       0xa8 build\kernel\components\finsh\finsh_ops.o
                0xffffffff80238340                OP_xor_byte
 .text.OP_xor_word
                0xffffffff802383e8       0xa8 build\kernel\components\finsh\finsh_ops.o
                0xffffffff802383e8                OP_xor_word
 .text.OP_xor_dword
                0xffffffff80238490       0xa4 build\kernel\components\finsh\finsh_ops.o
                0xffffffff80238490                OP_xor_dword
 .text.OP_bw_byte
                0xffffffff80238534       0x54 build\kernel\components\finsh\finsh_ops.o
                0xffffffff80238534                OP_bw_byte
 .text.OP_bw_word
                0xffffffff80238588       0x54 build\kernel\components\finsh\finsh_ops.o
                0xffffffff80238588                OP_bw_word
 .text.OP_bw_dword
                0xffffffff802385dc       0x50 build\kernel\components\finsh\finsh_ops.o
                0xffffffff802385dc                OP_bw_dword
 .text.OP_shl_byte
                0xffffffff8023862c       0xb4 build\kernel\components\finsh\finsh_ops.o
                0xffffffff8023862c                OP_shl_byte
 .text.OP_shl_word
                0xffffffff802386e0       0xb4 build\kernel\components\finsh\finsh_ops.o
                0xffffffff802386e0                OP_shl_word
 .text.OP_shl_dword
                0xffffffff80238794       0xb4 build\kernel\components\finsh\finsh_ops.o
                0xffffffff80238794                OP_shl_dword
 .text.OP_shr_byte
                0xffffffff80238848       0xb4 build\kernel\components\finsh\finsh_ops.o
                0xffffffff80238848                OP_shr_byte
 .text.OP_shr_word
                0xffffffff802388fc       0xb4 build\kernel\components\finsh\finsh_ops.o
                0xffffffff802388fc                OP_shr_word
 .text.OP_shr_dword
                0xffffffff802389b0       0xb4 build\kernel\components\finsh\finsh_ops.o
                0xffffffff802389b0                OP_shr_dword
 .text.OP_ld_byte
                0xffffffff80238a64       0xac build\kernel\components\finsh\finsh_ops.o
                0xffffffff80238a64                OP_ld_byte
 .text.OP_ld_word
                0xffffffff80238b10       0xe8 build\kernel\components\finsh\finsh_ops.o
                0xffffffff80238b10                OP_ld_word
 .text.OP_ld_dword
                0xffffffff80238bf8      0x128 build\kernel\components\finsh\finsh_ops.o
                0xffffffff80238bf8                OP_ld_dword
 .text.OP_ld_value_byte
                0xffffffff80238d20      0x13c build\kernel\components\finsh\finsh_ops.o
                0xffffffff80238d20                OP_ld_value_byte
 .text.OP_ld_value_byte_stack
                0xffffffff80238e5c       0x60 build\kernel\components\finsh\finsh_ops.o
                0xffffffff80238e5c                OP_ld_value_byte_stack
 .text.OP_ld_value_word
                0xffffffff80238ebc      0x13c build\kernel\components\finsh\finsh_ops.o
                0xffffffff80238ebc                OP_ld_value_word
 .text.OP_ld_value_word_stack
                0xffffffff80238ff8       0x60 build\kernel\components\finsh\finsh_ops.o
                0xffffffff80238ff8                OP_ld_value_word_stack
 .text.OP_ld_value_dword
                0xffffffff80239058      0x13c build\kernel\components\finsh\finsh_ops.o
                0xffffffff80239058                OP_ld_value_dword
 .text.OP_ld_value_dword_stack
                0xffffffff80239194       0x60 build\kernel\components\finsh\finsh_ops.o
                0xffffffff80239194                OP_ld_value_dword_stack
 .text.OP_st_byte
                0xffffffff802391f4       0x88 build\kernel\components\finsh\finsh_ops.o
                0xffffffff802391f4                OP_st_byte
 .text.OP_st_word
                0xffffffff8023927c       0x88 build\kernel\components\finsh\finsh_ops.o
                0xffffffff8023927c                OP_st_word
 .text.OP_st_dword
                0xffffffff80239304       0x88 build\kernel\components\finsh\finsh_ops.o
                0xffffffff80239304                OP_st_dword
 .text.OP_pop   0xffffffff8023938c       0x40 build\kernel\components\finsh\finsh_ops.o
                0xffffffff8023938c                OP_pop
 .text.OP_call  0xffffffff802393cc      0x6bc build\kernel\components\finsh\finsh_ops.o
                0xffffffff802393cc                OP_call
 .text.proc_variable_decl
                0xffffffff80239a88      0x4e0 build\kernel\components\finsh\finsh_parser.o
 .text.proc_type
                0xffffffff80239f68      0x35c build\kernel\components\finsh\finsh_parser.o
 .text.proc_identifier
                0xffffffff8023a2c4       0x80 build\kernel\components\finsh\finsh_parser.o
 .text.proc_expr_statement
                0xffffffff8023a344       0xa8 build\kernel\components\finsh\finsh_parser.o
 .text.proc_expr
                0xffffffff8023a3ec       0x28 build\kernel\components\finsh\finsh_parser.o
 .text.proc_assign_expr
                0xffffffff8023a414       0x90 build\kernel\components\finsh\finsh_parser.o
 .text.proc_inclusive_or_expr
                0xffffffff8023a4a4       0xcc build\kernel\components\finsh\finsh_parser.o
 .text.proc_exclusive_or_expr
                0xffffffff8023a570       0xcc build\kernel\components\finsh\finsh_parser.o
 .text.proc_and_expr
                0xffffffff8023a63c       0xcc build\kernel\components\finsh\finsh_parser.o
 .text.proc_shift_expr
                0xffffffff8023a708      0x138 build\kernel\components\finsh\finsh_parser.o
 .text.proc_additive_expr
                0xffffffff8023a840      0x130 build\kernel\components\finsh\finsh_parser.o
 .text.proc_multiplicative_expr
                0xffffffff8023a970      0x16c build\kernel\components\finsh\finsh_parser.o
 .text.proc_cast_expr
                0xffffffff8023aadc       0xe4 build\kernel\components\finsh\finsh_parser.o